### Starting TaskPrologue of job 1136653 on tg094 at Sun Aug  3 08:25:19 CEST 2025
Running on cores 64-95 with governor ondemand
Sun Aug  3 08:25:20 2025       
+-----------------------------------------------------------------------------------------+
| NVIDIA-SMI 575.57.08              Driver Version: 575.57.08      CUDA Version: 12.9     |
|-----------------------------------------+------------------------+----------------------+
| GPU  Name                 Persistence-M | Bus-Id          Disp.A | Volatile Uncorr. ECC |
| Fan  Temp   Perf          Pwr:Usage/Cap |           Memory-Usage | GPU-Util  Compute M. |
|                                         |                        |               MIG M. |
|=========================================+========================+======================|
|   0  NVIDIA A100-SXM4-40GB          On  |   00000000:81:00.0 Off |                    0 |
| N/A   33C    P0             54W /  400W |       0MiB /  40960MiB |      0%      Default |
|                                         |                        |             Disabled |
+-----------------------------------------+------------------------+----------------------+
                                                                                         
+-----------------------------------------------------------------------------------------+
| Processes:                                                                              |
|  GPU   GI   CI              PID   Type   Process name                        GPU Memory |
|        ID   ID                                                               Usage      |
|=========================================================================================|
|  No running processes found                                                             |
+-----------------------------------------------------------------------------------------+
### Finished TaskPrologue

73
Epoch 1/1000, Train Loss: 1.4504, train ED mm: 25.8399, val loss:1.203069, val ED mm:15.121267 25.04 seconds, Epoch 1 , Current LR: 5e-05
Epoch 2/1000, Train Loss: 1.0906, train ED mm: 11.4728, val loss:0.930655, val ED mm:6.183681 19.76 seconds, Epoch 2 , Current LR: 4.9999877863746e-05
Epoch 3/1000, Train Loss: 0.9034, train ED mm: 6.5781, val loss:0.832510, val ED mm:5.505772 19.57 seconds, Epoch 3 , Current LR: 4.999951145618939e-05
Epoch 4/1000, Train Loss: 0.8202, train ED mm: 4.8124, val loss:0.785375, val ED mm:4.928093 19.52 seconds, Epoch 4 , Current LR: 4.999890078094651e-05
Epoch 5/1000, Train Loss: 0.7770, train ED mm: 4.2678, val loss:0.753678, val ED mm:4.021251 21.25 seconds, Epoch 5 , Current LR: 4.9998045844044454e-05
Epoch 6/1000, Train Loss: 0.7441, train ED mm: 3.8708, val loss:0.732864, val ED mm:4.598105 23.83 seconds, Epoch 6 , Current LR: 4.9996946653921106e-05
Epoch 7/1000, Train Loss: 0.7183, train ED mm: 3.6625, val loss:0.713935, val ED mm:3.962396 19.44 seconds, Epoch 7 , Current LR: 4.999560322142503e-05
Epoch 8/1000, Train Loss: 0.6986, train ED mm: 3.5590, val loss:0.696676, val ED mm:3.687059 19.43 seconds, Epoch 8 , Current LR: 4.999401555981537e-05
Epoch 9/1000, Train Loss: 0.6834, train ED mm: 3.5393, val loss:0.680872, val ED mm:3.692872 19.37 seconds, Epoch 9 , Current LR: 4.999218368476168e-05
Epoch 10/1000, Train Loss: 0.6675, train ED mm: 3.4711, val loss:0.665410, val ED mm:3.507514 19.40 seconds, Epoch 10 , Current LR: 4.9990107614343856e-05
Epoch 11/1000, Train Loss: 0.6547, train ED mm: 3.4899, val loss:0.652768, val ED mm:3.743488 19.36 seconds, Epoch 11 , Current LR: 4.998778736905186e-05
Epoch 12/1000, Train Loss: 0.6422, train ED mm: 3.4271, val loss:0.647553, val ED mm:3.978375 19.28 seconds, Epoch 12 , Current LR: 4.998522297178558e-05
Epoch 13/1000, Train Loss: 0.6300, train ED mm: 3.4158, val loss:0.632803, val ED mm:3.454850 19.37 seconds, Epoch 13 , Current LR: 4.9982414447854586e-05
Epoch 14/1000, Train Loss: 0.6194, train ED mm: 3.4130, val loss:0.624911, val ED mm:3.856156 25.79 seconds, Epoch 14 , Current LR: 4.997936182497787e-05
Epoch 15/1000, Train Loss: 0.6080, train ED mm: 3.3828, val loss:0.613272, val ED mm:3.956538 19.32 seconds, Epoch 15 , Current LR: 4.99760651332836e-05
Epoch 16/1000, Train Loss: 0.5978, train ED mm: 3.3536, val loss:0.603005, val ED mm:3.957952 19.30 seconds, Epoch 16 , Current LR: 4.997252440530877e-05
Epoch 17/1000, Train Loss: 0.5881, train ED mm: 3.3948, val loss:0.590281, val ED mm:3.906984 23.91 seconds, Epoch 17 , Current LR: 4.9968739675998945e-05
Epoch 18/1000, Train Loss: 0.5779, train ED mm: 3.3643, val loss:0.584417, val ED mm:3.540028 19.37 seconds, Epoch 18 , Current LR: 4.996471098270787e-05
Epoch 19/1000, Train Loss: 0.5679, train ED mm: 3.3640, val loss:0.577624, val ED mm:3.702342 19.47 seconds, Epoch 19 , Current LR: 4.996043836519714e-05
Epoch 20/1000, Train Loss: 0.5596, train ED mm: 3.3931, val loss:0.566923, val ED mm:3.774191 19.42 seconds, Epoch 20 , Current LR: 4.995592186563575e-05
Epoch 21/1000, Train Loss: 0.5505, train ED mm: 3.4366, val loss:0.562017, val ED mm:3.401693 27.49 seconds, Epoch 21 , Current LR: 4.9951161528599724e-05
Epoch 22/1000, Train Loss: 0.5413, train ED mm: 3.4243, val loss:0.549621, val ED mm:3.446064 19.46 seconds, Epoch 22 , Current LR: 4.994615740107168e-05
Epoch 23/1000, Train Loss: 0.5331, train ED mm: 3.4403, val loss:0.542611, val ED mm:3.770223 19.48 seconds, Epoch 23 , Current LR: 4.994090953244032e-05
Epoch 24/1000, Train Loss: 0.5244, train ED mm: 3.4605, val loss:0.534426, val ED mm:3.848281 19.46 seconds, Epoch 24 , Current LR: 4.993541797450001e-05
Epoch 25/1000, Train Loss: 0.5172, train ED mm: 3.4818, val loss:0.529162, val ED mm:3.880794 19.50 seconds, Epoch 25 , Current LR: 4.992968278145019e-05
Epoch 26/1000, Train Loss: 0.5092, train ED mm: 3.4920, val loss:0.520856, val ED mm:3.801434 19.44 seconds, Epoch 26 , Current LR: 4.992370400989491e-05
Epoch 27/1000, Train Loss: 0.5021, train ED mm: 3.5022, val loss:0.511307, val ED mm:3.650987 23.19 seconds, Epoch 27 , Current LR: 4.991748171884223e-05
Epoch 28/1000, Train Loss: 0.4946, train ED mm: 3.5109, val loss:0.507650, val ED mm:3.566675 19.52 seconds, Epoch 28 , Current LR: 4.991101596970365e-05
Epoch 29/1000, Train Loss: 0.4869, train ED mm: 3.5158, val loss:0.497411, val ED mm:3.760461 19.49 seconds, Epoch 29 , Current LR: 4.9904306826293514e-05
Epoch 30/1000, Train Loss: 0.4797, train ED mm: 3.5534, val loss:0.492205, val ED mm:3.823689 19.52 seconds, Epoch 30 , Current LR: 4.989735435482834e-05
Epoch 31/1000, Train Loss: 0.4722, train ED mm: 3.5656, val loss:0.484803, val ED mm:3.505668 22.10 seconds, Epoch 31 , Current LR: 4.989015862392622e-05
Epoch 32/1000, Train Loss: 0.4651, train ED mm: 3.5708, val loss:0.477805, val ED mm:3.739564 19.47 seconds, Epoch 32 , Current LR: 4.988271970460612e-05
Epoch 33/1000, Train Loss: 0.4584, train ED mm: 3.5958, val loss:0.472078, val ED mm:3.603185 19.47 seconds, Epoch 33 , Current LR: 4.987503767028717e-05
Epoch 34/1000, Train Loss: 0.4524, train ED mm: 3.6042, val loss:0.465730, val ED mm:3.663444 19.49 seconds, Epoch 34 , Current LR: 4.9867112596787934e-05
Epoch 35/1000, Train Loss: 0.4458, train ED mm: 3.5840, val loss:0.460501, val ED mm:3.862326 24.06 seconds, Epoch 35 , Current LR: 4.985894456232571e-05
Epoch 36/1000, Train Loss: 0.4392, train ED mm: 3.5846, val loss:0.453375, val ED mm:3.624642 24.55 seconds, Epoch 36 , Current LR: 4.985053364751569e-05
Epoch 37/1000, Train Loss: 0.4330, train ED mm: 3.6227, val loss:0.447715, val ED mm:3.915856 19.48 seconds, Epoch 37 , Current LR: 4.9841879935370193e-05
Epoch 38/1000, Train Loss: 0.4268, train ED mm: 3.6276, val loss:0.442236, val ED mm:3.890781 19.54 seconds, Epoch 38 , Current LR: 4.983298351129788e-05
Epoch 39/1000, Train Loss: 0.4209, train ED mm: 3.6130, val loss:0.435103, val ED mm:3.733972 19.51 seconds, Epoch 39 , Current LR: 4.9823844463102866e-05
Epoch 40/1000, Train Loss: 0.4151, train ED mm: 3.6257, val loss:0.433594, val ED mm:3.637853 19.48 seconds, Epoch 40 , Current LR: 4.981446288098387e-05
Epoch 41/1000, Train Loss: 0.4094, train ED mm: 3.6642, val loss:0.425658, val ED mm:3.879532 19.55 seconds, Epoch 41 , Current LR: 4.980483885753331e-05
Epoch 42/1000, Train Loss: 0.4032, train ED mm: 3.6004, val loss:0.419630, val ED mm:3.933905 23.24 seconds, Epoch 42 , Current LR: 4.9794972487736415e-05
Epoch 43/1000, Train Loss: 0.3975, train ED mm: 3.6618, val loss:0.414169, val ED mm:4.043076 19.57 seconds, Epoch 43 , Current LR: 4.9784863868970264e-05
Epoch 44/1000, Train Loss: 0.3922, train ED mm: 3.6410, val loss:0.409155, val ED mm:3.758861 19.51 seconds, Epoch 44 , Current LR: 4.9774513101002856e-05
Epoch 45/1000, Train Loss: 0.3866, train ED mm: 3.6226, val loss:0.404019, val ED mm:3.834231 19.56 seconds, Epoch 45 , Current LR: 4.9763920285992083e-05
Epoch 46/1000, Train Loss: 0.3816, train ED mm: 3.6473, val loss:0.396941, val ED mm:3.672421 19.62 seconds, Epoch 46 , Current LR: 4.975308552848477e-05
Epoch 47/1000, Train Loss: 0.3761, train ED mm: 3.6773, val loss:0.393719, val ED mm:3.972354 23.96 seconds, Epoch 47 , Current LR: 4.974200893541558e-05
Epoch 48/1000, Train Loss: 0.3708, train ED mm: 3.6410, val loss:0.389967, val ED mm:3.986090 19.62 seconds, Epoch 48 , Current LR: 4.9730690616106024e-05
Epoch 49/1000, Train Loss: 0.3661, train ED mm: 3.6444, val loss:0.384585, val ED mm:3.988060 19.60 seconds, Epoch 49 , Current LR: 4.971913068226334e-05
Epoch 50/1000, Train Loss: 0.3618, train ED mm: 3.6949, val loss:0.380865, val ED mm:3.860823 19.61 seconds, Epoch 50 , Current LR: 4.9707329247979416e-05
Epoch 51/1000, Train Loss: 0.3564, train ED mm: 3.6560, val loss:0.375285, val ED mm:3.974819 19.61 seconds, Epoch 51 , Current LR: 4.969528642972963e-05
Epoch 52/1000, Train Loss: 0.3514, train ED mm: 3.6859, val loss:0.371277, val ED mm:3.669677 19.59 seconds, Epoch 52 , Current LR: 4.9683002346371746e-05
Epoch 53/1000, Train Loss: 0.3470, train ED mm: 3.6194, val loss:0.366112, val ED mm:3.844730 19.64 seconds, Epoch 53 , Current LR: 4.967047711914471e-05
Epoch 54/1000, Train Loss: 0.3423, train ED mm: 3.6608, val loss:0.362152, val ED mm:3.689072 20.32 seconds, Epoch 54 , Current LR: 4.965771087166745e-05
Epoch 55/1000, Train Loss: 0.3381, train ED mm: 3.6626, val loss:0.357983, val ED mm:3.900318 19.67 seconds, Epoch 55 , Current LR: 4.9644703729937673e-05
Epoch 56/1000, Train Loss: 0.3334, train ED mm: 3.7088, val loss:0.352443, val ED mm:3.890906 19.69 seconds, Epoch 56 , Current LR: 4.9631455822330625e-05
Epoch 57/1000, Train Loss: 0.3293, train ED mm: 3.6972, val loss:0.348706, val ED mm:3.843462 19.67 seconds, Epoch 57 , Current LR: 4.9617967279597805e-05
Epoch 58/1000, Train Loss: 0.3249, train ED mm: 3.6701, val loss:0.343727, val ED mm:3.920356 19.70 seconds, Epoch 58 , Current LR: 4.960423823486568e-05
Epoch 59/1000, Train Loss: 0.3204, train ED mm: 3.6751, val loss:0.342243, val ED mm:4.284560 19.70 seconds, Epoch 59 , Current LR: 4.9590268823634385e-05
Epoch 60/1000, Train Loss: 0.3164, train ED mm: 3.6635, val loss:0.335950, val ED mm:3.645115 19.64 seconds, Epoch 60 , Current LR: 4.957605918377636e-05
Epoch 61/1000, Train Loss: 0.3122, train ED mm: 3.6891, val loss:0.331932, val ED mm:3.948272 19.70 seconds, Epoch 61 , Current LR: 4.9561609455535025e-05
Epoch 62/1000, Train Loss: 0.3083, train ED mm: 3.6872, val loss:0.328758, val ED mm:3.801142 19.68 seconds, Epoch 62 , Current LR: 4.954691978152335e-05
Epoch 63/1000, Train Loss: 0.3042, train ED mm: 3.6656, val loss:0.325421, val ED mm:3.811570 19.71 seconds, Epoch 63 , Current LR: 4.9531990306722494e-05
Epoch 64/1000, Train Loss: 0.3000, train ED mm: 3.6493, val loss:0.320093, val ED mm:3.851632 19.72 seconds, Epoch 64 , Current LR: 4.951682117848035e-05
Epoch 65/1000, Train Loss: 0.2964, train ED mm: 3.6424, val loss:0.317495, val ED mm:3.627320 19.72 seconds, Epoch 65 , Current LR: 4.950141254651008e-05
Epoch 66/1000, Train Loss: 0.2924, train ED mm: 3.6658, val loss:0.314341, val ED mm:3.697408 19.72 seconds, Epoch 66 , Current LR: 4.948576456288868e-05
Epoch 67/1000, Train Loss: 0.2883, train ED mm: 3.6824, val loss:0.308979, val ED mm:3.729576 24.67 seconds, Epoch 67 , Current LR: 4.9469877382055406e-05
Epoch 68/1000, Train Loss: 0.2848, train ED mm: 3.6412, val loss:0.304393, val ED mm:3.818942 19.75 seconds, Epoch 68 , Current LR: 4.945375116081033e-05
Epoch 69/1000, Train Loss: 0.2810, train ED mm: 3.6566, val loss:0.302071, val ED mm:4.063929 19.73 seconds, Epoch 69 , Current LR: 4.9437386058312754e-05
Epoch 70/1000, Train Loss: 0.2775, train ED mm: 3.6420, val loss:0.297075, val ED mm:3.513410 19.70 seconds, Epoch 70 , Current LR: 4.9420782236079626e-05
Epoch 71/1000, Train Loss: 0.2738, train ED mm: 3.6012, val loss:0.294247, val ED mm:3.822003 19.70 seconds, Epoch 71 , Current LR: 4.940393985798397e-05
Epoch 72/1000, Train Loss: 0.2700, train ED mm: 3.6637, val loss:0.289847, val ED mm:3.821981 19.71 seconds, Epoch 72 , Current LR: 4.9386859090253245e-05
Epoch 73/1000, Train Loss: 0.2667, train ED mm: 3.6486, val loss:0.287769, val ED mm:3.700875 19.65 seconds, Epoch 73 , Current LR: 4.9369540101467756e-05
Epoch 74/1000, Train Loss: 0.2631, train ED mm: 3.6091, val loss:0.283985, val ED mm:3.866060 19.70 seconds, Epoch 74 , Current LR: 4.9351983062558904e-05
Epoch 75/1000, Train Loss: 0.2598, train ED mm: 3.6367, val loss:0.279622, val ED mm:3.709317 25.04 seconds, Epoch 75 , Current LR: 4.93341881468076e-05
Epoch 76/1000, Train Loss: 0.2564, train ED mm: 3.6102, val loss:0.275778, val ED mm:3.537454 19.68 seconds, Epoch 76 , Current LR: 4.931615552984246e-05
Epoch 77/1000, Train Loss: 0.2529, train ED mm: 3.5802, val loss:0.271941, val ED mm:3.619965 19.71 seconds, Epoch 77 , Current LR: 4.9297885389638144e-05
Epoch 78/1000, Train Loss: 0.2497, train ED mm: 3.5752, val loss:0.269320, val ED mm:3.812749 25.16 seconds, Epoch 78 , Current LR: 4.927937790651355e-05
Epoch 79/1000, Train Loss: 0.2462, train ED mm: 3.5647, val loss:0.264549, val ED mm:3.663087 23.99 seconds, Epoch 79 , Current LR: 4.926063326313008e-05
Epoch 80/1000, Train Loss: 0.2430, train ED mm: 3.5944, val loss:0.262049, val ED mm:3.752630 19.71 seconds, Epoch 80 , Current LR: 4.924165164448978e-05
Epoch 81/1000, Train Loss: 0.2400, train ED mm: 3.5778, val loss:0.259016, val ED mm:3.735212 19.77 seconds, Epoch 81 , Current LR: 4.9222433237933576e-05
Epoch 82/1000, Train Loss: 0.2366, train ED mm: 3.5724, val loss:0.256899, val ED mm:3.542786 19.72 seconds, Epoch 82 , Current LR: 4.920297823313938e-05
Epoch 83/1000, Train Loss: 0.2336, train ED mm: 3.5515, val loss:0.253633, val ED mm:3.787285 19.76 seconds, Epoch 83 , Current LR: 4.9183286822120227e-05
Epoch 84/1000, Train Loss: 0.2307, train ED mm: 3.5187, val loss:0.251264, val ED mm:3.635301 19.74 seconds, Epoch 84 , Current LR: 4.916335919922239e-05
Epoch 85/1000, Train Loss: 0.2275, train ED mm: 3.5018, val loss:0.247599, val ED mm:3.779806 19.76 seconds, Epoch 85 , Current LR: 4.914319556112349e-05
Epoch 86/1000, Train Loss: 0.2245, train ED mm: 3.5407, val loss:0.245613, val ED mm:3.488643 19.70 seconds, Epoch 86 , Current LR: 4.912279610683046e-05
Epoch 87/1000, Train Loss: 0.2216, train ED mm: 3.5004, val loss:0.241854, val ED mm:3.706295 19.74 seconds, Epoch 87 , Current LR: 4.91021610376777e-05
Epoch 88/1000, Train Loss: 0.2187, train ED mm: 3.4727, val loss:0.239353, val ED mm:3.585930 19.69 seconds, Epoch 88 , Current LR: 4.9081290557325e-05
Epoch 89/1000, Train Loss: 0.2163, train ED mm: 3.4932, val loss:0.237511, val ED mm:3.396926 19.71 seconds, Epoch 89 , Current LR: 4.906018487175558e-05
Epoch 90/1000, Train Loss: 0.2136, train ED mm: 3.4768, val loss:0.233624, val ED mm:3.604628 19.71 seconds, Epoch 90 , Current LR: 4.903884418927404e-05
Epoch 91/1000, Train Loss: 0.2106, train ED mm: 3.4759, val loss:0.232594, val ED mm:3.526672 19.71 seconds, Epoch 91 , Current LR: 4.90172687205043e-05
Epoch 92/1000, Train Loss: 0.2078, train ED mm: 3.4473, val loss:0.230488, val ED mm:3.361397 19.72 seconds, Epoch 92 , Current LR: 4.899545867838752e-05
Epoch 93/1000, Train Loss: 0.2054, train ED mm: 3.4357, val loss:0.226322, val ED mm:3.793363 19.76 seconds, Epoch 93 , Current LR: 4.897341427818001e-05
Epoch 94/1000, Train Loss: 0.2028, train ED mm: 3.4639, val loss:0.223160, val ED mm:3.547221 19.73 seconds, Epoch 94 , Current LR: 4.8951135737451104e-05
Epoch 95/1000, Train Loss: 0.2007, train ED mm: 3.4339, val loss:0.221696, val ED mm:3.525797 19.67 seconds, Epoch 95 , Current LR: 4.892862327608101e-05
Epoch 96/1000, Train Loss: 0.1976, train ED mm: 3.3981, val loss:0.220344, val ED mm:3.451075 19.93 seconds, Epoch 96 , Current LR: 4.890587711625862e-05
Epoch 97/1000, Train Loss: 0.1950, train ED mm: 3.4140, val loss:0.215755, val ED mm:3.334212 19.73 seconds, Epoch 97 , Current LR: 4.888289748247936e-05
Epoch 98/1000, Train Loss: 0.1927, train ED mm: 3.3966, val loss:0.213930, val ED mm:3.645690 19.67 seconds, Epoch 98 , Current LR: 4.8859684601542937e-05
Epoch 99/1000, Train Loss: 0.1902, train ED mm: 3.3854, val loss:0.213054, val ED mm:3.854249 19.75 seconds, Epoch 99 , Current LR: 4.883623870255112e-05
Epoch 100/1000, Train Loss: 0.1879, train ED mm: 3.4111, val loss:0.210372, val ED mm:3.611282 19.62 seconds, Epoch 100 , Current LR: 4.881256001690545e-05
Epoch 101/1000, Train Loss: 0.1853, train ED mm: 3.3762, val loss:0.206474, val ED mm:3.574427 20.17 seconds, Epoch 101 , Current LR: 4.8788648778305006e-05
Epoch 102/1000, Train Loss: 0.1831, train ED mm: 3.3272, val loss:0.203103, val ED mm:3.549155 23.60 seconds, Epoch 102 , Current LR: 4.876450522274405e-05
Epoch 103/1000, Train Loss: 0.1809, train ED mm: 3.3517, val loss:0.203132, val ED mm:3.258704 19.59 seconds, Epoch 103 , Current LR: 4.874012958850974e-05
Epoch 104/1000, Train Loss: 0.1783, train ED mm: 3.3420, val loss:0.199963, val ED mm:3.390067 19.64 seconds, Epoch 104 , Current LR: 4.8715522116179735e-05
Epoch 105/1000, Train Loss: 0.1762, train ED mm: 3.3043, val loss:0.197970, val ED mm:3.506450 19.65 seconds, Epoch 105 , Current LR: 4.869068304861986e-05
Epoch 106/1000, Train Loss: 0.1739, train ED mm: 3.2830, val loss:0.196101, val ED mm:3.368329 24.67 seconds, Epoch 106 , Current LR: 4.8665612630981686e-05
Epoch 107/1000, Train Loss: 0.1716, train ED mm: 3.2792, val loss:0.193446, val ED mm:3.606780 19.66 seconds, Epoch 107 , Current LR: 4.864031111070011e-05
Epoch 108/1000, Train Loss: 0.1694, train ED mm: 3.2681, val loss:0.191967, val ED mm:3.449374 19.68 seconds, Epoch 108 , Current LR: 4.861477873749093e-05
Epoch 109/1000, Train Loss: 0.1675, train ED mm: 3.2697, val loss:0.189476, val ED mm:3.191418 19.62 seconds, Epoch 109 , Current LR: 4.858901576334834e-05
Epoch 110/1000, Train Loss: 0.1655, train ED mm: 3.2488, val loss:0.186833, val ED mm:3.658360 19.64 seconds, Epoch 110 , Current LR: 4.856302244254251e-05
Epoch 111/1000, Train Loss: 0.1636, train ED mm: 3.2314, val loss:0.185653, val ED mm:3.597679 27.18 seconds, Epoch 111 , Current LR: 4.8536799031617026e-05
Epoch 112/1000, Train Loss: 0.1614, train ED mm: 3.2291, val loss:0.182929, val ED mm:3.265608 19.71 seconds, Epoch 112 , Current LR: 4.851034578938636e-05
Epoch 113/1000, Train Loss: 0.1596, train ED mm: 3.2048, val loss:0.179864, val ED mm:3.568996 19.67 seconds, Epoch 113 , Current LR: 4.848366297693333e-05
Epoch 114/1000, Train Loss: 0.1573, train ED mm: 3.2098, val loss:0.178218, val ED mm:3.512786 23.25 seconds, Epoch 114 , Current LR: 4.8456750857606524e-05
Epoch 115/1000, Train Loss: 0.1553, train ED mm: 3.1790, val loss:0.176505, val ED mm:3.202625 19.65 seconds, Epoch 115 , Current LR: 4.8429609697017706e-05
Epoch 116/1000, Train Loss: 0.1533, train ED mm: 3.2089, val loss:0.174175, val ED mm:3.164862 19.56 seconds, Epoch 116 , Current LR: 4.840223976303916e-05
Epoch 117/1000, Train Loss: 0.1515, train ED mm: 3.1559, val loss:0.172354, val ED mm:3.191656 22.37 seconds, Epoch 117 , Current LR: 4.837464132580109e-05
Epoch 118/1000, Train Loss: 0.1495, train ED mm: 3.2081, val loss:0.170424, val ED mm:3.223929 19.69 seconds, Epoch 118 , Current LR: 4.8346814657688924e-05
Epoch 119/1000, Train Loss: 0.1477, train ED mm: 3.1597, val loss:0.168934, val ED mm:3.166789 19.71 seconds, Epoch 119 , Current LR: 4.831876003334066e-05
Epoch 120/1000, Train Loss: 0.1458, train ED mm: 3.1393, val loss:0.169293, val ED mm:3.423908 19.77 seconds, Epoch 120 , Current LR: 4.82904777296441e-05
Epoch 121/1000, Train Loss: 0.1441, train ED mm: 3.1368, val loss:0.164234, val ED mm:3.051161 19.70 seconds, Epoch 121 , Current LR: 4.826196802573416e-05
Epoch 122/1000, Train Loss: 0.1424, train ED mm: 3.1199, val loss:0.162276, val ED mm:3.532739 19.77 seconds, Epoch 122 , Current LR: 4.823323120299012e-05
Epoch 123/1000, Train Loss: 0.1406, train ED mm: 3.1440, val loss:0.160357, val ED mm:3.497929 19.73 seconds, Epoch 123 , Current LR: 4.820426754503281e-05
Epoch 124/1000, Train Loss: 0.1386, train ED mm: 3.1177, val loss:0.159432, val ED mm:3.255948 19.71 seconds, Epoch 124 , Current LR: 4.817507733772184e-05
Epoch 125/1000, Train Loss: 0.1371, train ED mm: 3.0984, val loss:0.158341, val ED mm:3.116219 19.79 seconds, Epoch 125 , Current LR: 4.814566086915277e-05
Epoch 126/1000, Train Loss: 0.1353, train ED mm: 3.0917, val loss:0.156623, val ED mm:3.041915 19.70 seconds, Epoch 126 , Current LR: 4.8116018429654285e-05
Epoch 127/1000, Train Loss: 0.1336, train ED mm: 3.0708, val loss:0.155711, val ED mm:3.343794 19.72 seconds, Epoch 127 , Current LR: 4.808615031178528e-05
Epoch 128/1000, Train Loss: 0.1323, train ED mm: 3.0664, val loss:0.151374, val ED mm:3.265817 19.76 seconds, Epoch 128 , Current LR: 4.805605681033203e-05
Epoch 129/1000, Train Loss: 0.1307, train ED mm: 3.0839, val loss:0.149610, val ED mm:3.228664 19.75 seconds, Epoch 129 , Current LR: 4.8025738222305234e-05
Epoch 130/1000, Train Loss: 0.1290, train ED mm: 3.0767, val loss:0.148578, val ED mm:3.253610 19.79 seconds, Epoch 130 , Current LR: 4.799519484693712e-05
Epoch 131/1000, Train Loss: 0.1274, train ED mm: 3.0572, val loss:0.146188, val ED mm:3.156884 19.75 seconds, Epoch 131 , Current LR: 4.7964426985678474e-05
Epoch 132/1000, Train Loss: 0.1260, train ED mm: 3.0621, val loss:0.146415, val ED mm:3.297540 19.83 seconds, Epoch 132 , Current LR: 4.7933434942195666e-05
Epoch 133/1000, Train Loss: 0.1248, train ED mm: 3.0717, val loss:0.143477, val ED mm:2.659702 19.90 seconds, Epoch 133 , Current LR: 4.7902219022367655e-05
Epoch 134/1000, Train Loss: 0.1231, train ED mm: 3.0558, val loss:0.143704, val ED mm:2.975145 19.86 seconds, Epoch 134 , Current LR: 4.787077953428296e-05
Epoch 135/1000, Train Loss: 0.1219, train ED mm: 3.0286, val loss:0.142682, val ED mm:3.122564 19.81 seconds, Epoch 135 , Current LR: 4.783911678823664e-05
Epoch 136/1000, Train Loss: 0.1201, train ED mm: 3.0030, val loss:0.140374, val ED mm:2.931352 19.80 seconds, Epoch 136 , Current LR: 4.7807231096727215e-05
Epoch 137/1000, Train Loss: 0.1191, train ED mm: 3.0290, val loss:0.140367, val ED mm:2.784220 19.84 seconds, Epoch 137 , Current LR: 4.777512277445359e-05
Epoch 138/1000, Train Loss: 0.1175, train ED mm: 2.9944, val loss:0.136113, val ED mm:3.154433 19.87 seconds, Epoch 138 , Current LR: 4.774279213831195e-05
Epoch 139/1000, Train Loss: 0.1164, train ED mm: 2.9767, val loss:0.134069, val ED mm:3.156652 19.82 seconds, Epoch 139 , Current LR: 4.771023950739259e-05
Epoch 140/1000, Train Loss: 0.1149, train ED mm: 2.9557, val loss:0.134078, val ED mm:2.930161 19.72 seconds, Epoch 140 , Current LR: 4.767746520297687e-05
Epoch 141/1000, Train Loss: 0.1134, train ED mm: 2.9885, val loss:0.132913, val ED mm:3.200023 19.77 seconds, Epoch 141 , Current LR: 4.764446954853393e-05
Epoch 142/1000, Train Loss: 0.1124, train ED mm: 2.9606, val loss:0.131803, val ED mm:3.006401 19.83 seconds, Epoch 142 , Current LR: 4.7611252869717565e-05
Epoch 143/1000, Train Loss: 0.1112, train ED mm: 2.9871, val loss:0.129700, val ED mm:2.931565 19.77 seconds, Epoch 143 , Current LR: 4.757781549436297e-05
Epoch 144/1000, Train Loss: 0.1099, train ED mm: 2.9494, val loss:0.129267, val ED mm:2.809415 24.91 seconds, Epoch 144 , Current LR: 4.754415775248356e-05
Epoch 145/1000, Train Loss: 0.1090, train ED mm: 2.9634, val loss:0.128174, val ED mm:2.939139 20.04 seconds, Epoch 145 , Current LR: 4.7510279976267645e-05
Epoch 146/1000, Train Loss: 0.1076, train ED mm: 2.9265, val loss:0.126993, val ED mm:2.874109 19.84 seconds, Epoch 146 , Current LR: 4.7476182500075196e-05
Epoch 147/1000, Train Loss: 0.1064, train ED mm: 2.9270, val loss:0.125625, val ED mm:3.067313 19.72 seconds, Epoch 147 , Current LR: 4.744186566043455e-05
Epoch 148/1000, Train Loss: 0.1053, train ED mm: 2.9214, val loss:0.125267, val ED mm:2.853670 21.64 seconds, Epoch 148 , Current LR: 4.740732979603905e-05
Epoch 149/1000, Train Loss: 0.1039, train ED mm: 2.8945, val loss:0.123596, val ED mm:2.855113 19.79 seconds, Epoch 149 , Current LR: 4.737257524774374e-05
Epoch 150/1000, Train Loss: 0.1031, train ED mm: 2.9091, val loss:0.124282, val ED mm:2.917724 19.73 seconds, Epoch 150 , Current LR: 4.733760235856198e-05
Epoch 151/1000, Train Loss: 0.1020, train ED mm: 2.9284, val loss:0.122126, val ED mm:2.874589 19.77 seconds, Epoch 151 , Current LR: 4.7302411473662064e-05
Epoch 152/1000, Train Loss: 0.1006, train ED mm: 2.8806, val loss:0.120737, val ED mm:2.785352 19.82 seconds, Epoch 152 , Current LR: 4.726700294036383e-05
Epoch 153/1000, Train Loss: 0.0998, train ED mm: 2.8806, val loss:0.118952, val ED mm:3.247846 19.79 seconds, Epoch 153 , Current LR: 4.723137710813519e-05
Epoch 154/1000, Train Loss: 0.0986, train ED mm: 2.8667, val loss:0.117107, val ED mm:2.883883 19.83 seconds, Epoch 154 , Current LR: 4.719553432858874e-05
Epoch 155/1000, Train Loss: 0.0977, train ED mm: 2.8690, val loss:0.117383, val ED mm:2.687749 19.82 seconds, Epoch 155 , Current LR: 4.715947495547823e-05
Epoch 156/1000, Train Loss: 0.0966, train ED mm: 2.8569, val loss:0.115127, val ED mm:2.641822 19.73 seconds, Epoch 156 , Current LR: 4.7123199344695125e-05
Epoch 157/1000, Train Loss: 0.0956, train ED mm: 2.8479, val loss:0.113573, val ED mm:2.577691 19.82 seconds, Epoch 157 , Current LR: 4.7086707854265054e-05
Epoch 158/1000, Train Loss: 0.0947, train ED mm: 2.8403, val loss:0.112688, val ED mm:2.688931 24.38 seconds, Epoch 158 , Current LR: 4.70500008443443e-05
Epoch 159/1000, Train Loss: 0.0938, train ED mm: 2.8417, val loss:0.113297, val ED mm:2.661012 19.80 seconds, Epoch 159 , Current LR: 4.701307867721622e-05
Epoch 160/1000, Train Loss: 0.0927, train ED mm: 2.8234, val loss:0.110867, val ED mm:2.530197 22.71 seconds, Epoch 160 , Current LR: 4.6975941717287724e-05
Epoch 161/1000, Train Loss: 0.0919, train ED mm: 2.8188, val loss:0.110991, val ED mm:2.726745 19.80 seconds, Epoch 161 , Current LR: 4.693859033108558e-05
Epoch 162/1000, Train Loss: 0.0907, train ED mm: 2.8365, val loss:0.108946, val ED mm:2.802582 19.74 seconds, Epoch 162 , Current LR: 4.690102488725292e-05
Epoch 163/1000, Train Loss: 0.0900, train ED mm: 2.8099, val loss:0.107581, val ED mm:2.833909 19.75 seconds, Epoch 163 , Current LR: 4.686324575654549e-05
Epoch 164/1000, Train Loss: 0.0888, train ED mm: 2.8219, val loss:0.106920, val ED mm:2.491213 19.70 seconds, Epoch 164 , Current LR: 4.682525331182806e-05
Epoch 165/1000, Train Loss: 0.0881, train ED mm: 2.7759, val loss:0.107827, val ED mm:2.589760 19.75 seconds, Epoch 165 , Current LR: 4.6787047928070724e-05
Epoch 166/1000, Train Loss: 0.0874, train ED mm: 2.8201, val loss:0.106809, val ED mm:2.854497 19.79 seconds, Epoch 166 , Current LR: 4.6748629982345194e-05
Epoch 167/1000, Train Loss: 0.0866, train ED mm: 2.7951, val loss:0.107014, val ED mm:2.931776 25.24 seconds, Epoch 167 , Current LR: 4.6709999853821085e-05
Epoch 168/1000, Train Loss: 0.0854, train ED mm: 2.7676, val loss:0.105671, val ED mm:2.704110 19.75 seconds, Epoch 168 , Current LR: 4.6671157923762176e-05
Epoch 169/1000, Train Loss: 0.0849, train ED mm: 2.8158, val loss:0.105427, val ED mm:2.635490 19.76 seconds, Epoch 169 , Current LR: 4.663210457552263e-05
Epoch 170/1000, Train Loss: 0.0840, train ED mm: 2.7708, val loss:0.102234, val ED mm:2.612437 19.67 seconds, Epoch 170 , Current LR: 4.659284019454323e-05
Epoch 171/1000, Train Loss: 0.0833, train ED mm: 2.7686, val loss:0.101379, val ED mm:2.804430 19.72 seconds, Epoch 171 , Current LR: 4.655336516834756e-05
Epoch 172/1000, Train Loss: 0.0824, train ED mm: 2.7402, val loss:0.100270, val ED mm:2.651607 24.08 seconds, Epoch 172 , Current LR: 4.6513679886538195e-05
Epoch 173/1000, Train Loss: 0.0815, train ED mm: 2.7593, val loss:0.099980, val ED mm:2.468188 19.75 seconds, Epoch 173 , Current LR: 4.647378474079285e-05
Epoch 174/1000, Train Loss: 0.0809, train ED mm: 2.7682, val loss:0.098987, val ED mm:2.499161 19.74 seconds, Epoch 174 , Current LR: 4.64336801248605e-05
Epoch 175/1000, Train Loss: 0.0799, train ED mm: 2.7228, val loss:0.097192, val ED mm:2.281688 19.75 seconds, Epoch 175 , Current LR: 4.639336643455751e-05
Epoch 176/1000, Train Loss: 0.0790, train ED mm: 2.7526, val loss:0.097511, val ED mm:2.793223 19.78 seconds, Epoch 176 , Current LR: 4.6352844067763735e-05
Epoch 177/1000, Train Loss: 0.0785, train ED mm: 2.7433, val loss:0.095907, val ED mm:2.767595 19.78 seconds, Epoch 177 , Current LR: 4.631211342441858e-05
Epoch 178/1000, Train Loss: 0.0776, train ED mm: 2.7038, val loss:0.094169, val ED mm:2.486859 19.77 seconds, Epoch 178 , Current LR: 4.6271174906517036e-05
Epoch 179/1000, Train Loss: 0.0772, train ED mm: 2.7225, val loss:0.094912, val ED mm:2.828257 19.78 seconds, Epoch 179 , Current LR: 4.623002891810577e-05
Epoch 180/1000, Train Loss: 0.0764, train ED mm: 2.7196, val loss:0.095774, val ED mm:2.414205 19.75 seconds, Epoch 180 , Current LR: 4.618867586527905e-05
Epoch 181/1000, Train Loss: 0.0755, train ED mm: 2.7063, val loss:0.095136, val ED mm:2.683035 19.76 seconds, Epoch 181 , Current LR: 4.614711615617483e-05
Epoch 182/1000, Train Loss: 0.0749, train ED mm: 2.6973, val loss:0.092439, val ED mm:2.608900 19.79 seconds, Epoch 182 , Current LR: 4.610535020097066e-05
Epoch 183/1000, Train Loss: 0.0743, train ED mm: 2.7209, val loss:0.091687, val ED mm:2.494509 19.74 seconds, Epoch 183 , Current LR: 4.606337841187965e-05
Epoch 184/1000, Train Loss: 0.0737, train ED mm: 2.7256, val loss:0.090963, val ED mm:2.417355 19.71 seconds, Epoch 184 , Current LR: 4.602120120314641e-05
Epoch 185/1000, Train Loss: 0.0728, train ED mm: 2.6882, val loss:0.090031, val ED mm:2.401881 19.71 seconds, Epoch 185 , Current LR: 4.597881899104298e-05
Epoch 186/1000, Train Loss: 0.0723, train ED mm: 2.7032, val loss:0.088473, val ED mm:2.493905 19.69 seconds, Epoch 186 , Current LR: 4.5936232193864656e-05
Epoch 187/1000, Train Loss: 0.0717, train ED mm: 2.7476, val loss:0.090404, val ED mm:2.572566 19.70 seconds, Epoch 187 , Current LR: 4.589344123192595e-05
Epoch 188/1000, Train Loss: 0.0709, train ED mm: 2.7001, val loss:0.088994, val ED mm:2.415261 19.71 seconds, Epoch 188 , Current LR: 4.585044652755638e-05
Epoch 189/1000, Train Loss: 0.0703, train ED mm: 2.7018, val loss:0.088206, val ED mm:2.542712 19.74 seconds, Epoch 189 , Current LR: 4.5807248505096326e-05
Epoch 190/1000, Train Loss: 0.0699, train ED mm: 2.7149, val loss:0.087351, val ED mm:2.642631 32.02 seconds, Epoch 190 , Current LR: 4.576384759089281e-05
Epoch 191/1000, Train Loss: 0.0690, train ED mm: 2.6796, val loss:0.087574, val ED mm:2.460776 19.75 seconds, Epoch 191 , Current LR: 4.572024421329536e-05
Epoch 192/1000, Train Loss: 0.0685, train ED mm: 2.7025, val loss:0.084298, val ED mm:2.450822 19.70 seconds, Epoch 192 , Current LR: 4.56764388026517e-05
Epoch 193/1000, Train Loss: 0.0679, train ED mm: 2.6909, val loss:0.085112, val ED mm:2.504401 19.73 seconds, Epoch 193 , Current LR: 4.563243179130354e-05
Epoch 194/1000, Train Loss: 0.0674, train ED mm: 2.6817, val loss:0.086483, val ED mm:2.563353 19.73 seconds, Epoch 194 , Current LR: 4.558822361358232e-05
Epoch 195/1000, Train Loss: 0.0668, train ED mm: 2.6778, val loss:0.083454, val ED mm:2.537732 19.69 seconds, Epoch 195 , Current LR: 4.5543814705804915e-05
Epoch 196/1000, Train Loss: 0.0662, train ED mm: 2.6715, val loss:0.082905, val ED mm:2.543972 19.72 seconds, Epoch 196 , Current LR: 4.5499205506269295e-05
Epoch 197/1000, Train Loss: 0.0657, train ED mm: 2.7239, val loss:0.082293, val ED mm:2.614072 19.72 seconds, Epoch 197 , Current LR: 4.545439645525027e-05
Epoch 198/1000, Train Loss: 0.0651, train ED mm: 2.6788, val loss:0.083211, val ED mm:2.624129 19.68 seconds, Epoch 198 , Current LR: 4.540938799499507e-05
Epoch 199/1000, Train Loss: 0.0644, train ED mm: 2.7049, val loss:0.081364, val ED mm:2.634760 19.70 seconds, Epoch 199 , Current LR: 4.5364180569719036e-05
Epoch 200/1000, Train Loss: 0.0638, train ED mm: 2.6849, val loss:0.079522, val ED mm:2.329625 19.68 seconds, Epoch 200 , Current LR: 4.531877462560121e-05
Epoch 201/1000, Train Loss: 0.0634, train ED mm: 2.6714, val loss:0.081258, val ED mm:2.509327 25.25 seconds, Epoch 201 , Current LR: 4.527317061077991e-05
Epoch 202/1000, Train Loss: 0.0630, train ED mm: 2.6725, val loss:0.079189, val ED mm:2.668986 19.70 seconds, Epoch 202 , Current LR: 4.522736897534837e-05
Epoch 203/1000, Train Loss: 0.0622, train ED mm: 2.6788, val loss:0.079392, val ED mm:2.375321 24.20 seconds, Epoch 203 , Current LR: 4.518137017135023e-05
Epoch 204/1000, Train Loss: 0.0618, train ED mm: 2.6677, val loss:0.080213, val ED mm:2.738414 19.70 seconds, Epoch 204 , Current LR: 4.513517465277513e-05
Epoch 205/1000, Train Loss: 0.0613, train ED mm: 2.6744, val loss:0.078677, val ED mm:2.561808 19.87 seconds, Epoch 205 , Current LR: 4.5088782875554165e-05
Epoch 206/1000, Train Loss: 0.0612, train ED mm: 2.6568, val loss:0.078335, val ED mm:2.267523 19.76 seconds, Epoch 206 , Current LR: 4.5042195297555465e-05
Epoch 207/1000, Train Loss: 0.0604, train ED mm: 2.6728, val loss:0.077746, val ED mm:2.296698 19.72 seconds, Epoch 207 , Current LR: 4.49954123785796e-05
Epoch 208/1000, Train Loss: 0.0599, train ED mm: 2.6399, val loss:0.076030, val ED mm:2.529867 19.73 seconds, Epoch 208 , Current LR: 4.494843458035511e-05
Epoch 209/1000, Train Loss: 0.0595, train ED mm: 2.6771, val loss:0.075886, val ED mm:2.638090 19.71 seconds, Epoch 209 , Current LR: 4.490126236653389e-05
Epoch 210/1000, Train Loss: 0.0592, train ED mm: 2.6410, val loss:0.076056, val ED mm:2.562078 19.59 seconds, Epoch 210 , Current LR: 4.485389620268666e-05
Epoch 211/1000, Train Loss: 0.0586, train ED mm: 2.6219, val loss:0.074434, val ED mm:2.821777 20.50 seconds, Epoch 211 , Current LR: 4.4806336556298304e-05
Epoch 212/1000, Train Loss: 0.0580, train ED mm: 2.6480, val loss:0.073743, val ED mm:2.434417 19.70 seconds, Epoch 212 , Current LR: 4.475858389676336e-05
Epoch 213/1000, Train Loss: 0.0577, train ED mm: 2.6408, val loss:0.075060, val ED mm:2.670839 19.61 seconds, Epoch 213 , Current LR: 4.471063869538129e-05
Epoch 214/1000, Train Loss: 0.0572, train ED mm: 2.6571, val loss:0.071210, val ED mm:2.474898 19.65 seconds, Epoch 214 , Current LR: 4.466250142535187e-05
Epoch 215/1000, Train Loss: 0.0568, train ED mm: 2.6292, val loss:0.071992, val ED mm:2.474402 19.63 seconds, Epoch 215 , Current LR: 4.461417256177052e-05
Epoch 216/1000, Train Loss: 0.0561, train ED mm: 2.6589, val loss:0.073148, val ED mm:2.517906 23.58 seconds, Epoch 216 , Current LR: 4.4565652581623625e-05
Epoch 217/1000, Train Loss: 0.0559, train ED mm: 2.6121, val loss:0.073011, val ED mm:2.478135 19.64 seconds, Epoch 217 , Current LR: 4.4516941963783794e-05
Epoch 218/1000, Train Loss: 0.0553, train ED mm: 2.6381, val loss:0.071997, val ED mm:2.665278 19.69 seconds, Epoch 218 , Current LR: 4.446804118900516e-05
Epoch 219/1000, Train Loss: 0.0551, train ED mm: 2.6620, val loss:0.072926, val ED mm:2.392238 19.65 seconds, Epoch 219 , Current LR: 4.441895073991863e-05
Epoch 220/1000, Train Loss: 0.0546, train ED mm: 2.6578, val loss:0.071968, val ED mm:2.267169 19.68 seconds, Epoch 220 , Current LR: 4.436967110102711e-05
Epoch 221/1000, Train Loss: 0.0543, train ED mm: 2.6283, val loss:0.073635, val ED mm:2.689097 19.66 seconds, Epoch 221 , Current LR: 4.432020275870074e-05
Epoch 222/1000, Train Loss: 0.0540, train ED mm: 2.6399, val loss:0.071195, val ED mm:2.439432 19.62 seconds, Epoch 222 , Current LR: 4.427054620117211e-05
Epoch 223/1000, Train Loss: 0.0533, train ED mm: 2.6369, val loss:0.071712, val ED mm:2.609974 25.11 seconds, Epoch 223 , Current LR: 4.4220701918531375e-05
Epoch 224/1000, Train Loss: 0.0531, train ED mm: 2.6077, val loss:0.071021, val ED mm:2.507630 19.61 seconds, Epoch 224 , Current LR: 4.417067040272148e-05
Epoch 225/1000, Train Loss: 0.0528, train ED mm: 2.6289, val loss:0.069900, val ED mm:2.767938 21.51 seconds, Epoch 225 , Current LR: 4.41204521475333e-05
Epoch 226/1000, Train Loss: 0.0523, train ED mm: 2.6166, val loss:0.069101, val ED mm:2.418826 19.61 seconds, Epoch 226 , Current LR: 4.407004764860073e-05
Epoch 227/1000, Train Loss: 0.0518, train ED mm: 2.6331, val loss:0.068506, val ED mm:2.595300 19.61 seconds, Epoch 227 , Current LR: 4.401945740339583e-05
Epoch 228/1000, Train Loss: 0.0514, train ED mm: 2.6036, val loss:0.068665, val ED mm:2.352077 19.63 seconds, Epoch 228 , Current LR: 4.3968681911223895e-05
Epoch 229/1000, Train Loss: 0.0510, train ED mm: 2.5796, val loss:0.070483, val ED mm:2.449182 19.58 seconds, Epoch 229 , Current LR: 4.391772167321854e-05
Epoch 230/1000, Train Loss: 0.0508, train ED mm: 2.5898, val loss:0.068859, val ED mm:2.322681 19.59 seconds, Epoch 230 , Current LR: 4.386657719233672e-05
Epoch 231/1000, Train Loss: 0.0504, train ED mm: 2.6177, val loss:0.067668, val ED mm:2.480766 19.58 seconds, Epoch 231 , Current LR: 4.381524897335384e-05
Epoch 232/1000, Train Loss: 0.0499, train ED mm: 2.6011, val loss:0.067250, val ED mm:2.515271 19.68 seconds, Epoch 232 , Current LR: 4.3763737522858677e-05
Epoch 233/1000, Train Loss: 0.0497, train ED mm: 2.6306, val loss:0.067728, val ED mm:2.632714 19.89 seconds, Epoch 233 , Current LR: 4.371204334924847e-05
Epoch 234/1000, Train Loss: 0.0492, train ED mm: 2.5779, val loss:0.065662, val ED mm:2.590267 19.57 seconds, Epoch 234 , Current LR: 4.366016696272383e-05
Epoch 235/1000, Train Loss: 0.0490, train ED mm: 2.5932, val loss:0.066167, val ED mm:2.419983 19.68 seconds, Epoch 235 , Current LR: 4.3608108875283755e-05
Epoch 236/1000, Train Loss: 0.0486, train ED mm: 2.5880, val loss:0.064881, val ED mm:2.304517 19.61 seconds, Epoch 236 , Current LR: 4.3555869600720546e-05
Epoch 237/1000, Train Loss: 0.0482, train ED mm: 2.6180, val loss:0.062491, val ED mm:2.519726 19.54 seconds, Epoch 237 , Current LR: 4.3503449654614765e-05
Epoch 238/1000, Train Loss: 0.0482, train ED mm: 2.6440, val loss:0.065151, val ED mm:2.551592 25.31 seconds, Epoch 238 , Current LR: 4.34508495543301e-05
Epoch 239/1000, Train Loss: 0.0477, train ED mm: 2.6127, val loss:0.065682, val ED mm:2.778955 19.53 seconds, Epoch 239 , Current LR: 4.339806981900832e-05
Epoch 240/1000, Train Loss: 0.0474, train ED mm: 2.6247, val loss:0.063623, val ED mm:2.574167 19.65 seconds, Epoch 240 , Current LR: 4.3345110969564097e-05
Epoch 241/1000, Train Loss: 0.0470, train ED mm: 2.6150, val loss:0.065341, val ED mm:2.540461 19.50 seconds, Epoch 241 , Current LR: 4.3291973528679894e-05
Epoch 242/1000, Train Loss: 0.0464, train ED mm: 2.5962, val loss:0.064680, val ED mm:2.510430 19.57 seconds, Epoch 242 , Current LR: 4.323865802080081e-05
Epoch 243/1000, Train Loss: 0.0462, train ED mm: 2.6014, val loss:0.060766, val ED mm:2.512969 19.53 seconds, Epoch 243 , Current LR: 4.318516497212937e-05
Epoch 244/1000, Train Loss: 0.0459, train ED mm: 2.6085, val loss:0.061710, val ED mm:2.458336 19.54 seconds, Epoch 244 , Current LR: 4.313149491062037e-05
Epoch 245/1000, Train Loss: 0.0457, train ED mm: 2.5783, val loss:0.059061, val ED mm:2.466611 19.55 seconds, Epoch 245 , Current LR: 4.3077648365975656e-05
Epoch 246/1000, Train Loss: 0.0454, train ED mm: 2.5997, val loss:0.061873, val ED mm:2.560210 19.60 seconds, Epoch 246 , Current LR: 4.302362586963889e-05
Epoch 247/1000, Train Loss: 0.0451, train ED mm: 2.5892, val loss:0.062541, val ED mm:2.730309 19.57 seconds, Epoch 247 , Current LR: 4.2969427954790286e-05
Epoch 248/1000, Train Loss: 0.0450, train ED mm: 2.5890, val loss:0.061428, val ED mm:2.468260 19.56 seconds, Epoch 248 , Current LR: 4.291505515634139e-05
Epoch 249/1000, Train Loss: 0.0445, train ED mm: 2.6303, val loss:0.055227, val ED mm:2.424713 19.58 seconds, Epoch 249 , Current LR: 4.2860508010929784e-05
Epoch 250/1000, Train Loss: 0.0443, train ED mm: 2.6071, val loss:0.058295, val ED mm:2.229566 20.13 seconds, Epoch 250 , Current LR: 4.2805787056913743e-05
Epoch 251/1000, Train Loss: 0.0438, train ED mm: 2.5969, val loss:0.058726, val ED mm:2.442770 19.51 seconds, Epoch 251 , Current LR: 4.275089283436702e-05
Epoch 252/1000, Train Loss: 0.0437, train ED mm: 2.5784, val loss:0.061954, val ED mm:2.156208 19.53 seconds, Epoch 252 , Current LR: 4.2695825885073414e-05
Epoch 253/1000, Train Loss: 0.0434, train ED mm: 2.5567, val loss:0.057820, val ED mm:2.426533 19.63 seconds, Epoch 253 , Current LR: 4.264058675252149e-05
Epoch 254/1000, Train Loss: 0.0432, train ED mm: 2.6175, val loss:0.056783, val ED mm:2.485659 19.57 seconds, Epoch 254 , Current LR: 4.258517598189917e-05
Epoch 255/1000, Train Loss: 0.0427, train ED mm: 2.5574, val loss:0.057940, val ED mm:2.421397 19.54 seconds, Epoch 255 , Current LR: 4.252959412008842e-05
Epoch 256/1000, Train Loss: 0.0426, train ED mm: 2.6149, val loss:0.051740, val ED mm:2.240913 19.45 seconds, Epoch 256 , Current LR: 4.247384171565974e-05
Epoch 257/1000, Train Loss: 0.0422, train ED mm: 2.5812, val loss:0.054132, val ED mm:2.293473 24.16 seconds, Epoch 257 , Current LR: 4.2417919318866886e-05
Epoch 258/1000, Train Loss: 0.0420, train ED mm: 2.5462, val loss:0.059143, val ED mm:2.337999 19.57 seconds, Epoch 258 , Current LR: 4.236182748164132e-05
Epoch 259/1000, Train Loss: 0.0418, train ED mm: 2.5847, val loss:0.057908, val ED mm:2.481580 19.49 seconds, Epoch 259 , Current LR: 4.230556675758684e-05
Epoch 260/1000, Train Loss: 0.0416, train ED mm: 2.5949, val loss:0.056623, val ED mm:2.316855 22.06 seconds, Epoch 260 , Current LR: 4.224913770197407e-05
Epoch 261/1000, Train Loss: 0.0412, train ED mm: 2.5946, val loss:0.056769, val ED mm:2.624555 19.51 seconds, Epoch 261 , Current LR: 4.219254087173501e-05
Epoch 262/1000, Train Loss: 0.0411, train ED mm: 2.5743, val loss:0.057745, val ED mm:2.350578 22.40 seconds, Epoch 262 , Current LR: 4.213577682545753e-05
Epoch 263/1000, Train Loss: 0.0409, train ED mm: 2.6118, val loss:0.055835, val ED mm:2.253587 20.82 seconds, Epoch 263 , Current LR: 4.207884612337984e-05
Epoch 264/1000, Train Loss: 0.0404, train ED mm: 2.5950, val loss:0.055664, val ED mm:2.405340 19.53 seconds, Epoch 264 , Current LR: 4.2021749327385e-05
Epoch 265/1000, Train Loss: 0.0403, train ED mm: 2.5397, val loss:0.057655, val ED mm:2.423696 19.53 seconds, Epoch 265 , Current LR: 4.1964487000995324e-05
Epoch 266/1000, Train Loss: 0.0402, train ED mm: 2.5734, val loss:0.055729, val ED mm:2.341252 19.53 seconds, Epoch 266 , Current LR: 4.190705970936686e-05
Epoch 267/1000, Train Loss: 0.0398, train ED mm: 2.5528, val loss:0.058128, val ED mm:2.057924 19.57 seconds, Epoch 267 , Current LR: 4.1849468019283795e-05
Epoch 268/1000, Train Loss: 0.0395, train ED mm: 2.5882, val loss:0.052135, val ED mm:2.154958 19.61 seconds, Epoch 268 , Current LR: 4.179171249915285e-05
Epoch 269/1000, Train Loss: 0.0393, train ED mm: 2.5585, val loss:0.052879, val ED mm:2.223653 19.53 seconds, Epoch 269 , Current LR: 4.17337937189977e-05
Epoch 270/1000, Train Loss: 0.0390, train ED mm: 2.5613, val loss:0.052943, val ED mm:2.559229 19.54 seconds, Epoch 270 , Current LR: 4.167571225045332e-05
Epoch 271/1000, Train Loss: 0.0388, train ED mm: 2.5923, val loss:0.053833, val ED mm:2.237611 19.57 seconds, Epoch 271 , Current LR: 4.161746866676035e-05
Epoch 272/1000, Train Loss: 0.0387, train ED mm: 2.5705, val loss:0.053465, val ED mm:1.995161 19.57 seconds, Epoch 272 , Current LR: 4.155906354275947e-05
Epoch 273/1000, Train Loss: 0.0384, train ED mm: 2.5723, val loss:0.056216, val ED mm:2.268986 22.82 seconds, Epoch 273 , Current LR: 4.150049745488564e-05
Epoch 274/1000, Train Loss: 0.0386, train ED mm: 2.5566, val loss:0.054876, val ED mm:2.343894 19.50 seconds, Epoch 274 , Current LR: 4.144177098116253e-05
Epoch 275/1000, Train Loss: 0.0378, train ED mm: 2.5376, val loss:0.053184, val ED mm:2.235963 19.50 seconds, Epoch 275 , Current LR: 4.138288470119672e-05
Epoch 276/1000, Train Loss: 0.0376, train ED mm: 2.5528, val loss:0.055084, val ED mm:2.097715 19.51 seconds, Epoch 276 , Current LR: 4.1323839196172016e-05
Epoch 277/1000, Train Loss: 0.0375, train ED mm: 2.5340, val loss:0.057386, val ED mm:2.307840 19.54 seconds, Epoch 277 , Current LR: 4.126463504884372e-05
Epoch 278/1000, Train Loss: 0.0374, train ED mm: 2.5232, val loss:0.053848, val ED mm:2.342831 19.55 seconds, Epoch 278 , Current LR: 4.120527284353286e-05
Epoch 279/1000, Train Loss: 0.0370, train ED mm: 2.5614, val loss:0.051023, val ED mm:2.180897 19.55 seconds, Epoch 279 , Current LR: 4.114575316612044e-05
Epoch 280/1000, Train Loss: 0.0368, train ED mm: 2.5343, val loss:0.053443, val ED mm:2.060810 19.53 seconds, Epoch 280 , Current LR: 4.1086076604041645e-05
Epoch 281/1000, Train Loss: 0.0367, train ED mm: 2.5930, val loss:0.053423, val ED mm:2.335173 21.40 seconds, Epoch 281 , Current LR: 4.102624374628005e-05
Epoch 282/1000, Train Loss: 0.0363, train ED mm: 2.5567, val loss:0.053820, val ED mm:2.541496 21.11 seconds, Epoch 282 , Current LR: 4.0966255183361814e-05
Epoch 283/1000, Train Loss: 0.0362, train ED mm: 2.5115, val loss:0.053824, val ED mm:2.280275 25.23 seconds, Epoch 283 , Current LR: 4.090611150734982e-05
Epoch 284/1000, Train Loss: 0.0359, train ED mm: 2.5455, val loss:0.050138, val ED mm:2.289029 19.57 seconds, Epoch 284 , Current LR: 4.0845813311837866e-05
Epoch 285/1000, Train Loss: 0.0358, train ED mm: 2.5426, val loss:0.050995, val ED mm:2.390644 21.56 seconds, Epoch 285 , Current LR: 4.078536119194482e-05
Epoch 286/1000, Train Loss: 0.0356, train ED mm: 2.5388, val loss:0.050942, val ED mm:2.348906 19.51 seconds, Epoch 286 , Current LR: 4.0724755744308685e-05
Epoch 287/1000, Train Loss: 0.0355, train ED mm: 2.5268, val loss:0.051081, val ED mm:2.191883 19.55 seconds, Epoch 287 , Current LR: 4.0663997567080766e-05
Epoch 288/1000, Train Loss: 0.0356, train ED mm: 2.5452, val loss:0.052657, val ED mm:2.354444 19.55 seconds, Epoch 288 , Current LR: 4.0603087259919746e-05
Epoch 289/1000, Train Loss: 0.0351, train ED mm: 2.5530, val loss:0.050215, val ED mm:2.160402 22.10 seconds, Epoch 289 , Current LR: 4.054202542398576e-05
Epoch 290/1000, Train Loss: 0.0351, train ED mm: 2.5333, val loss:0.052976, val ED mm:2.264623 23.59 seconds, Epoch 290 , Current LR: 4.048081266193448e-05
Epoch 291/1000, Train Loss: 0.0348, train ED mm: 2.5248, val loss:0.050393, val ED mm:2.351767 19.57 seconds, Epoch 291 , Current LR: 4.041944957791116e-05
Epoch 292/1000, Train Loss: 0.0346, train ED mm: 2.5527, val loss:0.049816, val ED mm:2.267348 19.50 seconds, Epoch 292 , Current LR: 4.035793677754465e-05
Epoch 293/1000, Train Loss: 0.0343, train ED mm: 2.5330, val loss:0.049501, val ED mm:2.272705 19.49 seconds, Epoch 293 , Current LR: 4.029627486794147e-05
Epoch 294/1000, Train Loss: 0.0341, train ED mm: 2.5195, val loss:0.048508, val ED mm:2.135500 24.15 seconds, Epoch 294 , Current LR: 4.023446445767977e-05
Epoch 295/1000, Train Loss: 0.0341, train ED mm: 2.5466, val loss:0.047067, val ED mm:2.633644 19.50 seconds, Epoch 295 , Current LR: 4.017250615680335e-05
Epoch 296/1000, Train Loss: 0.0338, train ED mm: 2.5444, val loss:0.045138, val ED mm:2.112374 19.48 seconds, Epoch 296 , Current LR: 4.011040057681561e-05
Epoch 297/1000, Train Loss: 0.0337, train ED mm: 2.5276, val loss:0.048223, val ED mm:2.218547 19.52 seconds, Epoch 297 , Current LR: 4.004814833067357e-05
Epoch 298/1000, Train Loss: 0.0335, train ED mm: 2.5814, val loss:0.047800, val ED mm:2.169041 19.46 seconds, Epoch 298 , Current LR: 3.9985750032781756e-05
Epoch 299/1000, Train Loss: 0.0335, train ED mm: 2.5290, val loss:0.049650, val ED mm:2.328987 19.51 seconds, Epoch 299 , Current LR: 3.992320629898619e-05
Epoch 300/1000, Train Loss: 0.0333, train ED mm: 2.5141, val loss:0.048839, val ED mm:2.611297 19.53 seconds, Epoch 300 , Current LR: 3.986051774656826e-05
Epoch 301/1000, Train Loss: 0.0331, train ED mm: 2.5580, val loss:0.050720, val ED mm:2.393680 23.99 seconds, Epoch 301 , Current LR: 3.979768499423868e-05
Epoch 302/1000, Train Loss: 0.0328, train ED mm: 2.5483, val loss:0.048920, val ED mm:2.401712 19.73 seconds, Epoch 302 , Current LR: 3.9734708662131346e-05
Epoch 303/1000, Train Loss: 0.0325, train ED mm: 2.5059, val loss:0.047584, val ED mm:2.202655 19.49 seconds, Epoch 303 , Current LR: 3.967158937179723e-05
Epoch 304/1000, Train Loss: 0.0323, train ED mm: 2.5331, val loss:0.043672, val ED mm:2.099711 19.50 seconds, Epoch 304 , Current LR: 3.960832774619825e-05
Epoch 305/1000, Train Loss: 0.0325, train ED mm: 2.5192, val loss:0.044749, val ED mm:2.172795 19.55 seconds, Epoch 305 , Current LR: 3.9544924409701096e-05
Epoch 306/1000, Train Loss: 0.0322, train ED mm: 2.5170, val loss:0.046492, val ED mm:2.603030 19.48 seconds, Epoch 306 , Current LR: 3.948137998807112e-05
Epoch 307/1000, Train Loss: 0.0320, train ED mm: 2.4908, val loss:0.051220, val ED mm:2.446328 19.45 seconds, Epoch 307 , Current LR: 3.94176951084661e-05
Epoch 308/1000, Train Loss: 0.0319, train ED mm: 2.5438, val loss:0.043446, val ED mm:2.213022 19.57 seconds, Epoch 308 , Current LR: 3.935387039943009e-05
Epoch 309/1000, Train Loss: 0.0318, train ED mm: 2.5381, val loss:0.043430, val ED mm:2.282121 19.47 seconds, Epoch 309 , Current LR: 3.92899064908872e-05
Epoch 310/1000, Train Loss: 0.0315, train ED mm: 2.5683, val loss:0.045717, val ED mm:2.234392 24.59 seconds, Epoch 310 , Current LR: 3.922580401413538e-05
Epoch 311/1000, Train Loss: 0.0313, train ED mm: 2.4806, val loss:0.044607, val ED mm:2.301526 19.52 seconds, Epoch 311 , Current LR: 3.91615636018402e-05
Epoch 312/1000, Train Loss: 0.0316, train ED mm: 2.5487, val loss:0.046135, val ED mm:2.493825 20.90 seconds, Epoch 312 , Current LR: 3.90971858880286e-05
Epoch 313/1000, Train Loss: 0.0312, train ED mm: 2.5098, val loss:0.041665, val ED mm:2.095070 19.39 seconds, Epoch 313 , Current LR: 3.903267150808262e-05
Epoch 314/1000, Train Loss: 0.0310, train ED mm: 2.5245, val loss:0.043775, val ED mm:2.316586 20.88 seconds, Epoch 314 , Current LR: 3.896802109873314e-05
Epoch 315/1000, Train Loss: 0.0308, train ED mm: 2.5245, val loss:0.046531, val ED mm:2.722900 19.43 seconds, Epoch 315 , Current LR: 3.890323529805362e-05
Epoch 316/1000, Train Loss: 0.0306, train ED mm: 2.5307, val loss:0.043837, val ED mm:2.027458 19.47 seconds, Epoch 316 , Current LR: 3.883831474545373e-05
Epoch 317/1000, Train Loss: 0.0304, train ED mm: 2.5159, val loss:0.041625, val ED mm:2.003261 19.53 seconds, Epoch 317 , Current LR: 3.877326008167313e-05
Epoch 318/1000, Train Loss: 0.0306, train ED mm: 2.5396, val loss:0.044206, val ED mm:2.538112 19.40 seconds, Epoch 318 , Current LR: 3.870807194877508e-05
Epoch 319/1000, Train Loss: 0.0302, train ED mm: 2.5002, val loss:0.042122, val ED mm:2.452976 19.41 seconds, Epoch 319 , Current LR: 3.864275099014014e-05
Epoch 320/1000, Train Loss: 0.0302, train ED mm: 2.5070, val loss:0.041717, val ED mm:2.407769 19.44 seconds, Epoch 320 , Current LR: 3.85772978504598e-05
Epoch 321/1000, Train Loss: 0.0301, train ED mm: 2.4966, val loss:0.041826, val ED mm:2.560959 19.41 seconds, Epoch 321 , Current LR: 3.8511713175730126e-05
Epoch 322/1000, Train Loss: 0.0298, train ED mm: 2.5047, val loss:0.040395, val ED mm:2.322144 19.47 seconds, Epoch 322 , Current LR: 3.844599761324538e-05
Epoch 323/1000, Train Loss: 0.0297, train ED mm: 2.4664, val loss:0.042418, val ED mm:2.427123 19.40 seconds, Epoch 323 , Current LR: 3.838015181159163e-05
Epoch 324/1000, Train Loss: 0.0295, train ED mm: 2.5101, val loss:0.045262, val ED mm:2.557677 19.44 seconds, Epoch 324 , Current LR: 3.831417642064035e-05
Epoch 325/1000, Train Loss: 0.0296, train ED mm: 2.5196, val loss:0.044941, val ED mm:2.579802 19.45 seconds, Epoch 325 , Current LR: 3.824807209154202e-05
Epoch 326/1000, Train Loss: 0.0293, train ED mm: 2.5207, val loss:0.040725, val ED mm:2.327628 19.38 seconds, Epoch 326 , Current LR: 3.8181839476719685e-05
Epoch 327/1000, Train Loss: 0.0296, train ED mm: 2.5326, val loss:0.043112, val ED mm:2.447005 19.43 seconds, Epoch 327 , Current LR: 3.811547922986251e-05
Epoch 328/1000, Train Loss: 0.0290, train ED mm: 2.4666, val loss:0.045828, val ED mm:2.257246 19.45 seconds, Epoch 328 , Current LR: 3.804899200591934e-05
Epoch 329/1000, Train Loss: 0.0290, train ED mm: 2.5401, val loss:0.042083, val ED mm:2.677497 23.89 seconds, Epoch 329 , Current LR: 3.798237846109225e-05
Epoch 330/1000, Train Loss: 0.0289, train ED mm: 2.5153, val loss:0.042516, val ED mm:2.594972 19.39 seconds, Epoch 330 , Current LR: 3.791563925283e-05
Epoch 331/1000, Train Loss: 0.0287, train ED mm: 2.5255, val loss:0.040575, val ED mm:2.251820 23.38 seconds, Epoch 331 , Current LR: 3.784877503982165e-05
Epoch 332/1000, Train Loss: 0.0285, train ED mm: 2.5355, val loss:0.041500, val ED mm:2.415053 19.43 seconds, Epoch 332 , Current LR: 3.778178648198999e-05
Epoch 333/1000, Train Loss: 0.0284, train ED mm: 2.5224, val loss:0.041125, val ED mm:2.411395 19.45 seconds, Epoch 333 , Current LR: 3.7714674240485036e-05
Epoch 334/1000, Train Loss: 0.0283, train ED mm: 2.5325, val loss:0.042082, val ED mm:2.195502 19.45 seconds, Epoch 334 , Current LR: 3.764743897767753e-05
Epoch 335/1000, Train Loss: 0.0284, train ED mm: 2.5206, val loss:0.045360, val ED mm:2.492541 19.44 seconds, Epoch 335 , Current LR: 3.7580081357152355e-05
Epoch 336/1000, Train Loss: 0.0281, train ED mm: 2.5398, val loss:0.042048, val ED mm:2.343484 19.43 seconds, Epoch 336 , Current LR: 3.7512602043702044e-05
Epoch 337/1000, Train Loss: 0.0281, train ED mm: 2.4885, val loss:0.040645, val ED mm:1.918252 19.46 seconds, Epoch 337 , Current LR: 3.7445001703320175e-05
Epoch 338/1000, Train Loss: 0.0279, train ED mm: 2.5055, val loss:0.041130, val ED mm:2.174646 19.46 seconds, Epoch 338 , Current LR: 3.737728100319482e-05
Epoch 339/1000, Train Loss: 0.0279, train ED mm: 2.5416, val loss:0.041184, val ED mm:2.271398 19.48 seconds, Epoch 339 , Current LR: 3.7309440611701934e-05
Epoch 340/1000, Train Loss: 0.0277, train ED mm: 2.5190, val loss:0.037981, val ED mm:2.346914 19.43 seconds, Epoch 340 , Current LR: 3.724148119839881e-05
Epoch 341/1000, Train Loss: 0.0274, train ED mm: 2.4863, val loss:0.037956, val ED mm:2.296093 19.39 seconds, Epoch 341 , Current LR: 3.717340343401741e-05
Epoch 342/1000, Train Loss: 0.0278, train ED mm: 2.5322, val loss:0.041255, val ED mm:2.316056 19.39 seconds, Epoch 342 , Current LR: 3.7105207990457795e-05
Epoch 343/1000, Train Loss: 0.0273, train ED mm: 2.4984, val loss:0.042149, val ED mm:2.501939 19.41 seconds, Epoch 343 , Current LR: 3.7036895540781454e-05
Epoch 344/1000, Train Loss: 0.0271, train ED mm: 2.4770, val loss:0.041058, val ED mm:2.616126 19.44 seconds, Epoch 344 , Current LR: 3.696846675920469e-05
Epoch 345/1000, Train Loss: 0.0271, train ED mm: 2.5234, val loss:0.038331, val ED mm:2.433571 19.43 seconds, Epoch 345 , Current LR: 3.6899922321091944e-05
Epoch 346/1000, Train Loss: 0.0270, train ED mm: 2.5049, val loss:0.038560, val ED mm:2.337604 19.41 seconds, Epoch 346 , Current LR: 3.683126290294915e-05
Epoch 347/1000, Train Loss: 0.0269, train ED mm: 2.5163, val loss:0.040413, val ED mm:2.552827 19.40 seconds, Epoch 347 , Current LR: 3.676248918241705e-05
Epoch 348/1000, Train Loss: 0.0268, train ED mm: 2.5576, val loss:0.038406, val ED mm:2.052867 19.44 seconds, Epoch 348 , Current LR: 3.66936018382645e-05
Epoch 349/1000, Train Loss: 0.0269, train ED mm: 2.5391, val loss:0.039838, val ED mm:2.209864 19.45 seconds, Epoch 349 , Current LR: 3.6624601550381786e-05
Epoch 350/1000, Train Loss: 0.0266, train ED mm: 2.4828, val loss:0.038610, val ED mm:2.333947 19.44 seconds, Epoch 350 , Current LR: 3.655548899977387e-05
Epoch 351/1000, Train Loss: 0.0267, train ED mm: 2.4913, val loss:0.039640, val ED mm:2.425398 19.40 seconds, Epoch 351 , Current LR: 3.648626486855374e-05
Epoch 352/1000, Train Loss: 0.0266, train ED mm: 2.5253, val loss:0.042445, val ED mm:2.642166 19.43 seconds, Epoch 352 , Current LR: 3.6416929839935624e-05
Epoch 353/1000, Train Loss: 0.0264, train ED mm: 2.5093, val loss:0.039233, val ED mm:2.607635 21.09 seconds, Epoch 353 , Current LR: 3.634748459822826e-05
Epoch 354/1000, Train Loss: 0.0262, train ED mm: 2.5089, val loss:0.042472, val ED mm:2.646824 19.43 seconds, Epoch 354 , Current LR: 3.6277929828828135e-05
Epoch 355/1000, Train Loss: 0.0261, train ED mm: 2.5203, val loss:0.039203, val ED mm:2.607029 19.35 seconds, Epoch 355 , Current LR: 3.620826621821277e-05
Epoch 356/1000, Train Loss: 0.0262, train ED mm: 2.5439, val loss:0.037237, val ED mm:2.288936 19.37 seconds, Epoch 356 , Current LR: 3.613849445393386e-05
Epoch 357/1000, Train Loss: 0.0259, train ED mm: 2.5252, val loss:0.038042, val ED mm:1.996342 19.34 seconds, Epoch 357 , Current LR: 3.606861522461054e-05
Epoch 358/1000, Train Loss: 0.0260, train ED mm: 2.5156, val loss:0.042989, val ED mm:2.506380 19.40 seconds, Epoch 358 , Current LR: 3.599862921992262e-05
Epoch 359/1000, Train Loss: 0.0259, train ED mm: 2.5136, val loss:0.041748, val ED mm:2.456176 19.38 seconds, Epoch 359 , Current LR: 3.592853713060369e-05
Epoch 360/1000, Train Loss: 0.0255, train ED mm: 2.4739, val loss:0.038928, val ED mm:2.075484 19.31 seconds, Epoch 360 , Current LR: 3.5858339648434386e-05
Epoch 361/1000, Train Loss: 0.0257, train ED mm: 2.5105, val loss:0.041321, val ED mm:2.275374 19.37 seconds, Epoch 361 , Current LR: 3.578803746623551e-05
Epoch 362/1000, Train Loss: 0.0252, train ED mm: 2.4811, val loss:0.033454, val ED mm:2.114596 19.35 seconds, Epoch 362 , Current LR: 3.571763127786122e-05
Epoch 363/1000, Train Loss: 0.0254, train ED mm: 2.4663, val loss:0.037297, val ED mm:2.408238 19.37 seconds, Epoch 363 , Current LR: 3.5647121778192164e-05
Epoch 364/1000, Train Loss: 0.0252, train ED mm: 2.5134, val loss:0.036948, val ED mm:2.084678 19.53 seconds, Epoch 364 , Current LR: 3.557650966312865e-05
Epoch 365/1000, Train Loss: 0.0252, train ED mm: 2.4741, val loss:0.035886, val ED mm:2.187887 21.51 seconds, Epoch 365 , Current LR: 3.550579562958375e-05
Epoch 366/1000, Train Loss: 0.0252, train ED mm: 2.4973, val loss:0.036755, val ED mm:2.052029 19.37 seconds, Epoch 366 , Current LR: 3.54349803754764e-05
Epoch 367/1000, Train Loss: 0.0252, train ED mm: 2.4837, val loss:0.034553, val ED mm:2.169747 24.57 seconds, Epoch 367 , Current LR: 3.53640645997246e-05
Epoch 368/1000, Train Loss: 0.0249, train ED mm: 2.4982, val loss:0.037810, val ED mm:2.304771 19.38 seconds, Epoch 368 , Current LR: 3.5293049002238406e-05
Epoch 369/1000, Train Loss: 0.0248, train ED mm: 2.5313, val loss:0.035538, val ED mm:2.539559 19.33 seconds, Epoch 369 , Current LR: 3.522193428391311e-05
Epoch 370/1000, Train Loss: 0.0250, train ED mm: 2.5047, val loss:0.037486, val ED mm:2.457463 19.33 seconds, Epoch 370 , Current LR: 3.515072114662226e-05
Epoch 371/1000, Train Loss: 0.0248, train ED mm: 2.4973, val loss:0.035803, val ED mm:2.141753 19.37 seconds, Epoch 371 , Current LR: 3.5079410293210784e-05
Epoch 372/1000, Train Loss: 0.0246, train ED mm: 2.5384, val loss:0.036337, val ED mm:2.343164 19.33 seconds, Epoch 372 , Current LR: 3.5008002427487994e-05
Epoch 373/1000, Train Loss: 0.0244, train ED mm: 2.5359, val loss:0.037472, val ED mm:2.458217 19.40 seconds, Epoch 373 , Current LR: 3.4936498254220725e-05
Epoch 374/1000, Train Loss: 0.0245, train ED mm: 2.5372, val loss:0.035073, val ED mm:2.463863 19.37 seconds, Epoch 374 , Current LR: 3.486489847912628e-05
Epoch 375/1000, Train Loss: 0.0243, train ED mm: 2.4838, val loss:0.034515, val ED mm:2.262183 19.36 seconds, Epoch 375 , Current LR: 3.479320380886553e-05
Epoch 376/1000, Train Loss: 0.0245, train ED mm: 2.5165, val loss:0.033218, val ED mm:2.245837 19.33 seconds, Epoch 376 , Current LR: 3.472141495103594e-05
Epoch 377/1000, Train Loss: 0.0246, train ED mm: 2.5154, val loss:0.034924, val ED mm:2.063736 19.34 seconds, Epoch 377 , Current LR: 3.464953261416455e-05
Epoch 378/1000, Train Loss: 0.0242, train ED mm: 2.5122, val loss:0.038147, val ED mm:2.236865 19.35 seconds, Epoch 378 , Current LR: 3.4577557507701e-05
Epoch 379/1000, Train Loss: 0.0241, train ED mm: 2.5266, val loss:0.034455, val ED mm:2.369211 19.34 seconds, Epoch 379 , Current LR: 3.450549034201053e-05
Epoch 380/1000, Train Loss: 0.0240, train ED mm: 2.4879, val loss:0.036739, val ED mm:2.281459 19.39 seconds, Epoch 380 , Current LR: 3.443333182836699e-05
Epoch 381/1000, Train Loss: 0.0237, train ED mm: 2.5103, val loss:0.035801, val ED mm:2.321777 19.39 seconds, Epoch 381 , Current LR: 3.4361082678945753e-05
Epoch 382/1000, Train Loss: 0.0238, train ED mm: 2.4817, val loss:0.034995, val ED mm:2.036813 19.39 seconds, Epoch 382 , Current LR: 3.4288743606816775e-05
Epoch 383/1000, Train Loss: 0.0238, train ED mm: 2.5078, val loss:0.037201, val ED mm:2.290846 19.31 seconds, Epoch 383 , Current LR: 3.421631532593748e-05
Epoch 384/1000, Train Loss: 0.0236, train ED mm: 2.4778, val loss:0.037821, val ED mm:2.373665 19.35 seconds, Epoch 384 , Current LR: 3.414379855114577e-05
Epoch 385/1000, Train Loss: 0.0236, train ED mm: 2.5185, val loss:0.034121, val ED mm:2.101825 19.37 seconds, Epoch 385 , Current LR: 3.407119399815293e-05
Epoch 386/1000, Train Loss: 0.0235, train ED mm: 2.5420, val loss:0.036095, val ED mm:2.431385 22.27 seconds, Epoch 386 , Current LR: 3.3998502383536595e-05
Epoch 387/1000, Train Loss: 0.0235, train ED mm: 2.4991, val loss:0.035835, val ED mm:1.901912 19.31 seconds, Epoch 387 , Current LR: 3.392572442473364e-05
Epoch 388/1000, Train Loss: 0.0234, train ED mm: 2.5069, val loss:0.035053, val ED mm:1.914082 24.00 seconds, Epoch 388 , Current LR: 3.385286084003314e-05
Epoch 389/1000, Train Loss: 0.0233, train ED mm: 2.4994, val loss:0.032461, val ED mm:1.891801 19.33 seconds, Epoch 389 , Current LR: 3.3779912348569275e-05
Epoch 390/1000, Train Loss: 0.0233, train ED mm: 2.5116, val loss:0.034222, val ED mm:2.084833 19.38 seconds, Epoch 390 , Current LR: 3.370687967031418e-05
Epoch 391/1000, Train Loss: 0.0231, train ED mm: 2.5153, val loss:0.033796, val ED mm:1.850991 19.34 seconds, Epoch 391 , Current LR: 3.363376352607094e-05
Epoch 392/1000, Train Loss: 0.0232, train ED mm: 2.4989, val loss:0.033418, val ED mm:2.192350 19.28 seconds, Epoch 392 , Current LR: 3.3560564637466344e-05
Epoch 393/1000, Train Loss: 0.0230, train ED mm: 2.5156, val loss:0.035977, val ED mm:1.843931 19.28 seconds, Epoch 393 , Current LR: 3.3487283726943896e-05
Epoch 394/1000, Train Loss: 0.0230, train ED mm: 2.5469, val loss:0.032910, val ED mm:1.951119 19.37 seconds, Epoch 394 , Current LR: 3.3413921517756586e-05
Epoch 395/1000, Train Loss: 0.0229, train ED mm: 2.4785, val loss:0.031927, val ED mm:1.862965 19.39 seconds, Epoch 395 , Current LR: 3.334047873395981e-05
Epoch 396/1000, Train Loss: 0.0227, train ED mm: 2.4657, val loss:0.032269, val ED mm:2.091883 19.75 seconds, Epoch 396 , Current LR: 3.326695610040417e-05
Epoch 397/1000, Train Loss: 0.0228, train ED mm: 2.5356, val loss:0.033999, val ED mm:2.182601 24.25 seconds, Epoch 397 , Current LR: 3.31933543427284e-05
Epoch 398/1000, Train Loss: 0.0227, train ED mm: 2.4883, val loss:0.034606, val ED mm:2.202137 19.30 seconds, Epoch 398 , Current LR: 3.311967418735215e-05
Epoch 399/1000, Train Loss: 0.0226, train ED mm: 2.5570, val loss:0.036670, val ED mm:2.506866 19.30 seconds, Epoch 399 , Current LR: 3.304591636146877e-05
Epoch 400/1000, Train Loss: 0.0226, train ED mm: 2.5052, val loss:0.033782, val ED mm:2.157500 19.30 seconds, Epoch 400 , Current LR: 3.297208159303824e-05
Epoch 401/1000, Train Loss: 0.0224, train ED mm: 2.4996, val loss:0.035507, val ED mm:1.978884 19.29 seconds, Epoch 401 , Current LR: 3.289817061077992e-05
Epoch 402/1000, Train Loss: 0.0226, train ED mm: 2.5257, val loss:0.039072, val ED mm:2.199507 19.30 seconds, Epoch 402 , Current LR: 3.2824184144165366e-05
Epoch 403/1000, Train Loss: 0.0223, train ED mm: 2.5051, val loss:0.033174, val ED mm:2.010556 19.36 seconds, Epoch 403 , Current LR: 3.2750122923411125e-05
Epoch 404/1000, Train Loss: 0.0223, train ED mm: 2.5118, val loss:0.038904, val ED mm:2.451427 19.33 seconds, Epoch 404 , Current LR: 3.2675987679471556e-05
Epoch 405/1000, Train Loss: 0.0224, train ED mm: 2.5251, val loss:0.032165, val ED mm:1.939329 19.36 seconds, Epoch 405 , Current LR: 3.2601779144031576e-05
Epoch 406/1000, Train Loss: 0.0223, train ED mm: 2.5385, val loss:0.032757, val ED mm:1.875514 24.21 seconds, Epoch 406 , Current LR: 3.2527498049499485e-05
Epoch 407/1000, Train Loss: 0.0221, train ED mm: 2.4757, val loss:0.034351, val ED mm:2.196230 22.48 seconds, Epoch 407 , Current LR: 3.245314512899969e-05
Epoch 408/1000, Train Loss: 0.0221, train ED mm: 2.5272, val loss:0.036509, val ED mm:2.147241 19.37 seconds, Epoch 408 , Current LR: 3.2378721116365494e-05
Epoch 409/1000, Train Loss: 0.0220, train ED mm: 2.5086, val loss:0.034489, val ED mm:2.133180 23.84 seconds, Epoch 409 , Current LR: 3.230422674613187e-05
Epoch 410/1000, Train Loss: 0.0220, train ED mm: 2.5004, val loss:0.036451, val ED mm:1.918040 19.28 seconds, Epoch 410 , Current LR: 3.2229662753528164e-05
Epoch 411/1000, Train Loss: 0.0219, train ED mm: 2.5053, val loss:0.033300, val ED mm:1.977046 19.24 seconds, Epoch 411 , Current LR: 3.215502987447089e-05
Epoch 412/1000, Train Loss: 0.0219, train ED mm: 2.5174, val loss:0.032178, val ED mm:1.907185 19.34 seconds, Epoch 412 , Current LR: 3.208032884555642e-05
Epoch 413/1000, Train Loss: 0.0218, train ED mm: 2.4770, val loss:0.033721, val ED mm:2.022310 19.27 seconds, Epoch 413 , Current LR: 3.2005560404053765e-05
Epoch 414/1000, Train Loss: 0.0218, train ED mm: 2.4987, val loss:0.035489, val ED mm:2.366832 19.30 seconds, Epoch 414 , Current LR: 3.1930725287897247e-05
Epoch 415/1000, Train Loss: 0.0218, train ED mm: 2.5350, val loss:0.033195, val ED mm:2.094743 19.32 seconds, Epoch 415 , Current LR: 3.185582423567926e-05
Epoch 416/1000, Train Loss: 0.0216, train ED mm: 2.5008, val loss:0.035437, val ED mm:2.097943 19.33 seconds, Epoch 416 , Current LR: 3.1780857986642945e-05
Epoch 417/1000, Train Loss: 0.0217, train ED mm: 2.5306, val loss:0.033028, val ED mm:2.164596 24.16 seconds, Epoch 417 , Current LR: 3.170582728067491e-05
Epoch 418/1000, Train Loss: 0.0215, train ED mm: 2.5026, val loss:0.034610, val ED mm:2.286598 19.35 seconds, Epoch 418 , Current LR: 3.1630732858297946e-05
Epoch 419/1000, Train Loss: 0.0214, train ED mm: 2.5077, val loss:0.033010, val ED mm:1.930048 23.84 seconds, Epoch 419 , Current LR: 3.155557546066367e-05
Epoch 420/1000, Train Loss: 0.0214, train ED mm: 2.5440, val loss:0.030037, val ED mm:2.136415 19.35 seconds, Epoch 420 , Current LR: 3.148035582954526e-05
Epoch 421/1000, Train Loss: 0.0214, train ED mm: 2.5788, val loss:0.033707, val ED mm:1.926725 23.35 seconds, Epoch 421 , Current LR: 3.140507470733011e-05
Epoch 422/1000, Train Loss: 0.0214, train ED mm: 2.5185, val loss:0.031720, val ED mm:1.992655 19.31 seconds, Epoch 422 , Current LR: 3.132973283701252e-05
Epoch 423/1000, Train Loss: 0.0213, train ED mm: 2.5380, val loss:0.034710, val ED mm:2.170606 19.29 seconds, Epoch 423 , Current LR: 3.1254330962186296e-05
Epoch 424/1000, Train Loss: 0.0212, train ED mm: 2.5156, val loss:0.034741, val ED mm:2.041258 19.33 seconds, Epoch 424 , Current LR: 3.117886982703753e-05
Epoch 425/1000, Train Loss: 0.0211, train ED mm: 2.5013, val loss:0.035611, val ED mm:2.207525 19.32 seconds, Epoch 425 , Current LR: 3.110335017633715e-05
Epoch 426/1000, Train Loss: 0.0211, train ED mm: 2.5279, val loss:0.030982, val ED mm:2.041923 19.30 seconds, Epoch 426 , Current LR: 3.102777275543362e-05
Epoch 427/1000, Train Loss: 0.0211, train ED mm: 2.5329, val loss:0.035268, val ED mm:2.318617 19.30 seconds, Epoch 427 , Current LR: 3.095213831024558e-05
Epoch 428/1000, Train Loss: 0.0209, train ED mm: 2.5162, val loss:0.033139, val ED mm:2.113132 23.56 seconds, Epoch 428 , Current LR: 3.0876447587254464e-05
Epoch 429/1000, Train Loss: 0.0208, train ED mm: 2.4969, val loss:0.033176, val ED mm:2.279442 19.31 seconds, Epoch 429 , Current LR: 3.0800701333497153e-05
Epoch 430/1000, Train Loss: 0.0208, train ED mm: 2.5185, val loss:0.033879, val ED mm:2.253844 19.26 seconds, Epoch 430 , Current LR: 3.072490029655858e-05
Epoch 431/1000, Train Loss: 0.0209, train ED mm: 2.5431, val loss:0.035770, val ED mm:2.061630 24.62 seconds, Epoch 431 , Current LR: 3.06490452245644e-05
Epoch 432/1000, Train Loss: 0.0210, train ED mm: 2.5294, val loss:0.031417, val ED mm:2.197992 19.32 seconds, Epoch 432 , Current LR: 3.0573136866173526e-05
Epoch 433/1000, Train Loss: 0.0207, train ED mm: 2.4969, val loss:0.033059, val ED mm:2.042167 19.69 seconds, Epoch 433 , Current LR: 3.0497175970570827e-05
Epoch 434/1000, Train Loss: 0.0208, train ED mm: 2.5135, val loss:0.033285, val ED mm:2.075982 19.35 seconds, Epoch 434 , Current LR: 3.0421163287459657e-05
Epoch 435/1000, Train Loss: 0.0209, train ED mm: 2.5405, val loss:0.033537, val ED mm:2.022229 19.31 seconds, Epoch 435 , Current LR: 3.0345099567054534e-05
Epoch 436/1000, Train Loss: 0.0207, train ED mm: 2.5543, val loss:0.030953, val ED mm:2.115293 23.58 seconds, Epoch 436 , Current LR: 3.026898556007365e-05
Epoch 437/1000, Train Loss: 0.0206, train ED mm: 2.5447, val loss:0.031199, val ED mm:2.019430 21.47 seconds, Epoch 437 , Current LR: 3.0192822017731544e-05
Epoch 438/1000, Train Loss: 0.0205, train ED mm: 2.5382, val loss:0.031830, val ED mm:2.184708 19.32 seconds, Epoch 438 , Current LR: 3.011660969173161e-05
Epoch 439/1000, Train Loss: 0.0204, train ED mm: 2.5055, val loss:0.033323, val ED mm:2.053583 19.32 seconds, Epoch 439 , Current LR: 3.004034933425876e-05
Epoch 440/1000, Train Loss: 0.0204, train ED mm: 2.5355, val loss:0.033016, val ED mm:1.905131 19.32 seconds, Epoch 440 , Current LR: 2.9964041697971922e-05
Epoch 441/1000, Train Loss: 0.0203, train ED mm: 2.5445, val loss:0.033396, val ED mm:2.245354 23.24 seconds, Epoch 441 , Current LR: 2.988768753599665e-05
Epoch 442/1000, Train Loss: 0.0206, train ED mm: 2.5643, val loss:0.032040, val ED mm:2.114822 19.25 seconds, Epoch 442 , Current LR: 2.981128760191772e-05
Epoch 443/1000, Train Loss: 0.0202, train ED mm: 2.5492, val loss:0.030606, val ED mm:1.965582 19.31 seconds, Epoch 443 , Current LR: 2.9734842649771615e-05
Epoch 444/1000, Train Loss: 0.0204, train ED mm: 2.5264, val loss:0.032812, val ED mm:1.926802 19.28 seconds, Epoch 444 , Current LR: 2.9658353434039163e-05
Epoch 445/1000, Train Loss: 0.0202, train ED mm: 2.4880, val loss:0.032074, val ED mm:1.980232 23.54 seconds, Epoch 445 , Current LR: 2.9581820709638047e-05
Epoch 446/1000, Train Loss: 0.0201, train ED mm: 2.5029, val loss:0.032522, val ED mm:1.898374 19.31 seconds, Epoch 446 , Current LR: 2.950524523191535e-05
Epoch 447/1000, Train Loss: 0.0201, train ED mm: 2.5378, val loss:0.030183, val ED mm:1.843818 19.30 seconds, Epoch 447 , Current LR: 2.9428627756640124e-05
Epoch 448/1000, Train Loss: 0.0202, train ED mm: 2.5109, val loss:0.030407, val ED mm:1.837355 19.28 seconds, Epoch 448 , Current LR: 2.9351969039995928e-05
Epoch 449/1000, Train Loss: 0.0201, train ED mm: 2.5307, val loss:0.029050, val ED mm:1.878839 19.22 seconds, Epoch 449 , Current LR: 2.9275269838573334e-05
Model state dictionary saved to AVnet_model_cropped_best.pth at Epoch: 449 with ED: 2.5307
Epoch 450/1000, Train Loss: 0.0201, train ED mm: 2.5329, val loss:0.029173, val ED mm:1.924496 19.26 seconds, Epoch 450 , Current LR: 2.9198530909362494e-05
 No improvement for 1 epochs.
Epoch 451/1000, Train Loss: 0.0199, train ED mm: 2.5107, val loss:0.029963, val ED mm:2.293448 19.34 seconds, Epoch 451 , Current LR: 2.9121753009745678e-05
 No improvement for 2 epochs.
Epoch 452/1000, Train Loss: 0.0200, train ED mm: 2.5346, val loss:0.029831, val ED mm:2.098671 19.32 seconds, Epoch 452 , Current LR: 2.9044936897489737e-05
 No improvement for 3 epochs.
Epoch 453/1000, Train Loss: 0.0201, train ED mm: 2.5614, val loss:0.030032, val ED mm:2.158394 24.21 seconds, Epoch 453 , Current LR: 2.89680833307387e-05
Epoch 454/1000, Train Loss: 0.0198, train ED mm: 2.5056, val loss:0.028701, val ED mm:1.953303 19.31 seconds, Epoch 454 , Current LR: 2.8891193068006235e-05
 No improvement for 4 epochs.
Epoch 455/1000, Train Loss: 0.0198, train ED mm: 2.5267, val loss:0.028998, val ED mm:1.911496 19.31 seconds, Epoch 455 , Current LR: 2.8814266868168205e-05
 No improvement for 5 epochs.
Epoch 456/1000, Train Loss: 0.0199, train ED mm: 2.5249, val loss:0.027390, val ED mm:1.777905 19.34 seconds, Epoch 456 , Current LR: 2.8737305490455133e-05
Model state dictionary saved to AVnet_model_cropped_best.pth at Epoch: 456 with ED: 2.5249
Epoch 457/1000, Train Loss: 0.0196, train ED mm: 2.5486, val loss:0.029635, val ED mm:2.375811 24.28 seconds, Epoch 457 , Current LR: 2.8660309694444758e-05
 No improvement for 1 epochs.
Epoch 458/1000, Train Loss: 0.0198, train ED mm: 2.5506, val loss:0.031529, val ED mm:1.905772 19.32 seconds, Epoch 458 , Current LR: 2.858328024005449e-05
Epoch 459/1000, Train Loss: 0.0196, train ED mm: 2.5387, val loss:0.030703, val ED mm:1.858267 22.03 seconds, Epoch 459 , Current LR: 2.8506217887533958e-05
Epoch 460/1000, Train Loss: 0.0196, train ED mm: 2.4889, val loss:0.030089, val ED mm:2.275617 20.88 seconds, Epoch 460 , Current LR: 2.8429123397457462e-05
Epoch 461/1000, Train Loss: 0.0198, train ED mm: 2.5584, val loss:0.028637, val ED mm:2.058966 19.34 seconds, Epoch 461 , Current LR: 2.8351997530716493e-05
 No improvement for 2 epochs.
Epoch 462/1000, Train Loss: 0.0197, train ED mm: 2.5611, val loss:0.027872, val ED mm:1.857282 19.37 seconds, Epoch 462 , Current LR: 2.8274841048512224e-05
 No improvement for 3 epochs.
Epoch 463/1000, Train Loss: 0.0197, train ED mm: 2.5215, val loss:0.028843, val ED mm:1.866747 19.41 seconds, Epoch 463 , Current LR: 2.819765471234799e-05
 No improvement for 4 epochs.
Epoch 464/1000, Train Loss: 0.0196, train ED mm: 2.5614, val loss:0.028701, val ED mm:1.966205 19.83 seconds, Epoch 464 , Current LR: 2.812043928402176e-05
 No improvement for 5 epochs.
Epoch 465/1000, Train Loss: 0.0194, train ED mm: 2.5567, val loss:0.028881, val ED mm:1.915778 19.31 seconds, Epoch 465 , Current LR: 2.804319552561863e-05
 No improvement for 6 epochs.
Epoch 466/1000, Train Loss: 0.0194, train ED mm: 2.5629, val loss:0.026919, val ED mm:1.915165 19.27 seconds, Epoch 466 , Current LR: 2.7965924199503332e-05
 No improvement for 7 epochs.
Epoch 467/1000, Train Loss: 0.0194, train ED mm: 2.4945, val loss:0.028116, val ED mm:1.736565 19.23 seconds, Epoch 467 , Current LR: 2.7888626068312642e-05
Model state dictionary saved to AVnet_model_cropped_best.pth at Epoch: 467 with ED: 2.4945
Epoch 468/1000, Train Loss: 0.0193, train ED mm: 2.5144, val loss:0.028457, val ED mm:1.860851 24.53 seconds, Epoch 468 , Current LR: 2.781130189494792e-05
 No improvement for 1 epochs.
Epoch 469/1000, Train Loss: 0.0195, train ED mm: 2.5300, val loss:0.029981, val ED mm:2.094112 19.30 seconds, Epoch 469 , Current LR: 2.7733952442567526e-05
 No improvement for 2 epochs.
Epoch 470/1000, Train Loss: 0.0194, train ED mm: 2.5359, val loss:0.030975, val ED mm:1.860728 19.29 seconds, Epoch 470 , Current LR: 2.765657847457935e-05
Epoch 471/1000, Train Loss: 0.0197, train ED mm: 2.5505, val loss:0.028940, val ED mm:1.695167 19.36 seconds, Epoch 471 , Current LR: 2.7579180754633186e-05
Model state dictionary saved to AVnet_model_cropped_best.pth at Epoch: 471 with ED: 2.5505
Epoch 472/1000, Train Loss: 0.0194, train ED mm: 2.5611, val loss:0.029416, val ED mm:1.805529 19.31 seconds, Epoch 472 , Current LR: 2.7501760046613313e-05
 No improvement for 1 epochs.
Epoch 473/1000, Train Loss: 0.0191, train ED mm: 2.4937, val loss:0.030079, val ED mm:2.035909 19.25 seconds, Epoch 473 , Current LR: 2.7424317114630857e-05
Epoch 474/1000, Train Loss: 0.0190, train ED mm: 2.4821, val loss:0.029350, val ED mm:1.856213 19.28 seconds, Epoch 474 , Current LR: 2.734685272301627e-05
 No improvement for 2 epochs.
Epoch 475/1000, Train Loss: 0.0191, train ED mm: 2.5021, val loss:0.026521, val ED mm:1.873456 19.38 seconds, Epoch 475 , Current LR: 2.726936763631186e-05
 No improvement for 3 epochs.
Epoch 476/1000, Train Loss: 0.0191, train ED mm: 2.5243, val loss:0.027323, val ED mm:1.983685 21.57 seconds, Epoch 476 , Current LR: 2.7191862619264123e-05
 No improvement for 4 epochs.
Epoch 477/1000, Train Loss: 0.0191, train ED mm: 2.5223, val loss:0.029453, val ED mm:1.978277 19.36 seconds, Epoch 477 , Current LR: 2.7114338436816296e-05
 No improvement for 5 epochs.
Epoch 478/1000, Train Loss: 0.0189, train ED mm: 2.4842, val loss:0.029083, val ED mm:2.137581 19.28 seconds, Epoch 478 , Current LR: 2.703679585410076e-05
 No improvement for 6 epochs.
Epoch 479/1000, Train Loss: 0.0190, train ED mm: 2.5293, val loss:0.029873, val ED mm:2.200872 19.28 seconds, Epoch 479 , Current LR: 2.6959235636431507e-05
 No improvement for 7 epochs.
Epoch 480/1000, Train Loss: 0.0188, train ED mm: 2.5255, val loss:0.028447, val ED mm:1.876857 19.34 seconds, Epoch 480 , Current LR: 2.6881658549296555e-05
 No improvement for 8 epochs.
Epoch 481/1000, Train Loss: 0.0190, train ED mm: 2.5464, val loss:0.029940, val ED mm:1.679642 23.60 seconds, Epoch 481 , Current LR: 2.6804065358350462e-05
Model state dictionary saved to AVnet_model_cropped_best.pth at Epoch: 481 with ED: 2.5464
Epoch 482/1000, Train Loss: 0.0188, train ED mm: 2.5097, val loss:0.030900, val ED mm:2.000388 24.68 seconds, Epoch 482 , Current LR: 2.672645682940668e-05
Epoch 483/1000, Train Loss: 0.0188, train ED mm: 2.5325, val loss:0.029739, val ED mm:2.172133 24.41 seconds, Epoch 483 , Current LR: 2.6648833728430057e-05
 No improvement for 1 epochs.
Epoch 484/1000, Train Loss: 0.0189, train ED mm: 2.5203, val loss:0.033134, val ED mm:1.917293 19.36 seconds, Epoch 484 , Current LR: 2.6571196821529273e-05
Epoch 485/1000, Train Loss: 0.0188, train ED mm: 2.5282, val loss:0.029859, val ED mm:1.988442 19.30 seconds, Epoch 485 , Current LR: 2.6493546874949248e-05
 No improvement for 2 epochs.
Epoch 486/1000, Train Loss: 0.0188, train ED mm: 2.5315, val loss:0.031114, val ED mm:1.832834 19.28 seconds, Epoch 486 , Current LR: 2.6415884655063604e-05
Epoch 487/1000, Train Loss: 0.0187, train ED mm: 2.5294, val loss:0.029228, val ED mm:1.948608 24.01 seconds, Epoch 487 , Current LR: 2.6338210928367106e-05
 No improvement for 3 epochs.
Epoch 488/1000, Train Loss: 0.0186, train ED mm: 2.5439, val loss:0.028124, val ED mm:2.008160 19.35 seconds, Epoch 488 , Current LR: 2.6260526461468078e-05
 No improvement for 4 epochs.
Epoch 489/1000, Train Loss: 0.0186, train ED mm: 2.5174, val loss:0.028892, val ED mm:1.997613 19.30 seconds, Epoch 489 , Current LR: 2.618283202108083e-05
 No improvement for 5 epochs.
Epoch 490/1000, Train Loss: 0.0184, train ED mm: 2.5471, val loss:0.028084, val ED mm:2.099915 19.33 seconds, Epoch 490 , Current LR: 2.6105128374018143e-05
 No improvement for 6 epochs.
Epoch 491/1000, Train Loss: 0.0188, train ED mm: 2.5865, val loss:0.027423, val ED mm:1.945851 19.27 seconds, Epoch 491 , Current LR: 2.6027416287183625e-05
 No improvement for 7 epochs.
Epoch 492/1000, Train Loss: 0.0186, train ED mm: 2.5281, val loss:0.032338, val ED mm:2.279170 19.30 seconds, Epoch 492 , Current LR: 2.594969652756421e-05
Epoch 493/1000, Train Loss: 0.0185, train ED mm: 2.5219, val loss:0.032806, val ED mm:2.117558 19.27 seconds, Epoch 493 , Current LR: 2.5871969862222553e-05
Epoch 494/1000, Train Loss: 0.0184, train ED mm: 2.5164, val loss:0.029029, val ED mm:1.773994 19.31 seconds, Epoch 494 , Current LR: 2.5794237058289452e-05
 No improvement for 8 epochs.
Epoch 495/1000, Train Loss: 0.0184, train ED mm: 2.5336, val loss:0.030433, val ED mm:1.995233 19.30 seconds, Epoch 495 , Current LR: 2.5716498882956304e-05
Epoch 496/1000, Train Loss: 0.0184, train ED mm: 2.5248, val loss:0.031163, val ED mm:2.331119 24.90 seconds, Epoch 496 , Current LR: 2.5638756103467513e-05
Epoch 497/1000, Train Loss: 0.0184, train ED mm: 2.5391, val loss:0.028264, val ED mm:1.743991 19.25 seconds, Epoch 497 , Current LR: 2.556100948711293e-05
 No improvement for 9 epochs.
Epoch 498/1000, Train Loss: 0.0183, train ED mm: 2.5238, val loss:0.027007, val ED mm:1.860874 19.33 seconds, Epoch 498 , Current LR: 2.5483259801220264e-05
 No improvement for 10 epochs.
Epoch 499/1000, Train Loss: 0.0182, train ED mm: 2.4978, val loss:0.026988, val ED mm:2.277429 19.26 seconds, Epoch 499 , Current LR: 2.5405507813147538e-05
 No improvement for 11 epochs.
Epoch 500/1000, Train Loss: 0.0185, train ED mm: 2.5702, val loss:0.028799, val ED mm:2.187407 19.28 seconds, Epoch 500 , Current LR: 2.532775429027547e-05
 No improvement for 12 epochs.
Epoch 501/1000, Train Loss: 0.0182, train ED mm: 2.5394, val loss:0.029529, val ED mm:1.821671 19.28 seconds, Epoch 501 , Current LR: 2.524999999999995e-05
 No improvement for 13 epochs.
Epoch 502/1000, Train Loss: 0.0183, train ED mm: 2.5590, val loss:0.026411, val ED mm:1.913947 19.32 seconds, Epoch 502 , Current LR: 2.517224570972443e-05
 No improvement for 14 epochs.
Epoch 503/1000, Train Loss: 0.0183, train ED mm: 2.5665, val loss:0.029983, val ED mm:2.101135 19.35 seconds, Epoch 503 , Current LR: 2.5094492186852364e-05
 No improvement for 15 epochs.
Epoch 504/1000, Train Loss: 0.0180, train ED mm: 2.4912, val loss:0.031122, val ED mm:2.217226 19.29 seconds, Epoch 504 , Current LR: 2.5016740198779635e-05
Epoch 505/1000, Train Loss: 0.0180, train ED mm: 2.5086, val loss:0.028741, val ED mm:1.963319 19.34 seconds, Epoch 505 , Current LR: 2.493899051288697e-05
 No improvement for 16 epochs.
Epoch 506/1000, Train Loss: 0.0181, train ED mm: 2.5072, val loss:0.026990, val ED mm:1.828240 19.31 seconds, Epoch 506 , Current LR: 2.486124389653239e-05
 No improvement for 17 epochs.
Epoch 507/1000, Train Loss: 0.0181, train ED mm: 2.5348, val loss:0.027718, val ED mm:2.193162 19.31 seconds, Epoch 507 , Current LR: 2.4783501117043592e-05
 No improvement for 18 epochs.
Epoch 508/1000, Train Loss: 0.0180, train ED mm: 2.5292, val loss:0.028079, val ED mm:1.911166 19.36 seconds, Epoch 508 , Current LR: 2.4705762941710447e-05
 No improvement for 19 epochs.
Epoch 509/1000, Train Loss: 0.0180, train ED mm: 2.4844, val loss:0.029179, val ED mm:1.947910 19.28 seconds, Epoch 509 , Current LR: 2.4628030137777347e-05
 No improvement for 20 epochs.
Epoch 510/1000, Train Loss: 0.0179, train ED mm: 2.5292, val loss:0.030979, val ED mm:2.409454 19.29 seconds, Epoch 510 , Current LR: 2.455030347243569e-05
Epoch 511/1000, Train Loss: 0.0180, train ED mm: 2.5556, val loss:0.030782, val ED mm:2.150386 19.34 seconds, Epoch 511 , Current LR: 2.4472583712816274e-05
Epoch 512/1000, Train Loss: 0.0178, train ED mm: 2.5216, val loss:0.028061, val ED mm:1.980153 19.24 seconds, Epoch 512 , Current LR: 2.4394871625981766e-05
 No improvement for 21 epochs.
Epoch 513/1000, Train Loss: 0.0178, train ED mm: 2.5439, val loss:0.027782, val ED mm:1.980286 19.30 seconds, Epoch 513 , Current LR: 2.431716797891907e-05
 No improvement for 22 epochs.
Epoch 514/1000, Train Loss: 0.0179, train ED mm: 2.5697, val loss:0.028381, val ED mm:1.940244 19.28 seconds, Epoch 514 , Current LR: 2.423947353853183e-05
 No improvement for 23 epochs.
Epoch 515/1000, Train Loss: 0.0178, train ED mm: 2.5329, val loss:0.028727, val ED mm:2.220162 19.30 seconds, Epoch 515 , Current LR: 2.41617890716328e-05
 No improvement for 24 epochs.
Epoch 516/1000, Train Loss: 0.0177, train ED mm: 2.5232, val loss:0.028985, val ED mm:2.006165 19.26 seconds, Epoch 516 , Current LR: 2.4084115344936292e-05
 No improvement for 25 epochs.
Epoch 517/1000, Train Loss: 0.0178, train ED mm: 2.5529, val loss:0.029877, val ED mm:2.316851 19.29 seconds, Epoch 517 , Current LR: 2.4006453125050658e-05
 No improvement for 26 epochs.
Epoch 518/1000, Train Loss: 0.0176, train ED mm: 2.5406, val loss:0.030601, val ED mm:2.228986 19.30 seconds, Epoch 518 , Current LR: 2.3928803178470633e-05
Epoch 519/1000, Train Loss: 0.0178, train ED mm: 2.5343, val loss:0.032871, val ED mm:2.470062 19.29 seconds, Epoch 519 , Current LR: 2.385116627156985e-05
Epoch 520/1000, Train Loss: 0.0176, train ED mm: 2.5422, val loss:0.030376, val ED mm:1.947335 19.28 seconds, Epoch 520 , Current LR: 2.377354317059323e-05
Epoch 521/1000, Train Loss: 0.0176, train ED mm: 2.5412, val loss:0.028564, val ED mm:2.235425 19.26 seconds, Epoch 521 , Current LR: 2.3695934641649454e-05
 No improvement for 27 epochs.
Epoch 522/1000, Train Loss: 0.0178, train ED mm: 2.5234, val loss:0.027872, val ED mm:2.036523 19.31 seconds, Epoch 522 , Current LR: 2.361834145070335e-05
 No improvement for 28 epochs.
Epoch 523/1000, Train Loss: 0.0177, train ED mm: 2.5254, val loss:0.028791, val ED mm:2.023311 19.27 seconds, Epoch 523 , Current LR: 2.3540764363568413e-05
 No improvement for 29 epochs.
Epoch 524/1000, Train Loss: 0.0175, train ED mm: 2.5375, val loss:0.029390, val ED mm:2.150981 19.32 seconds, Epoch 524 , Current LR: 2.3463204145899155e-05
 No improvement for 30 epochs.
Epoch 525/1000, Train Loss: 0.0175, train ED mm: 2.5105, val loss:0.031896, val ED mm:2.172168 19.22 seconds, Epoch 525 , Current LR: 2.3385661563183616e-05
Epoch 526/1000, Train Loss: 0.0175, train ED mm: 2.5075, val loss:0.026571, val ED mm:1.978046 19.27 seconds, Epoch 526 , Current LR: 2.3308137380735796e-05
 No improvement for 31 epochs.
Epoch 527/1000, Train Loss: 0.0173, train ED mm: 2.5547, val loss:0.028699, val ED mm:2.192304 19.31 seconds, Epoch 527 , Current LR: 2.3230632363688058e-05
 No improvement for 32 epochs.
Epoch 528/1000, Train Loss: 0.0174, train ED mm: 2.5299, val loss:0.031373, val ED mm:2.072842 19.30 seconds, Epoch 528 , Current LR: 2.315314727698364e-05
Epoch 529/1000, Train Loss: 0.0175, train ED mm: 2.5017, val loss:0.035010, val ED mm:2.323707 19.38 seconds, Epoch 529 , Current LR: 2.3075682885369063e-05
Epoch 530/1000, Train Loss: 0.0176, train ED mm: 2.5381, val loss:0.029726, val ED mm:2.102001 19.33 seconds, Epoch 530 , Current LR: 2.2998239953386603e-05
 No improvement for 33 epochs.
Epoch 531/1000, Train Loss: 0.0173, train ED mm: 2.5373, val loss:0.030100, val ED mm:2.083175 19.27 seconds, Epoch 531 , Current LR: 2.2920819245366727e-05
Epoch 532/1000, Train Loss: 0.0173, train ED mm: 2.5365, val loss:0.025584, val ED mm:2.009200 23.66 seconds, Epoch 532 , Current LR: 2.2843421525420578e-05
 No improvement for 34 epochs.
Epoch 533/1000, Train Loss: 0.0173, train ED mm: 2.4974, val loss:0.026488, val ED mm:2.200598 19.31 seconds, Epoch 533 , Current LR: 2.276604755743239e-05
 No improvement for 35 epochs.
Epoch 534/1000, Train Loss: 0.0173, train ED mm: 2.5427, val loss:0.029047, val ED mm:2.017097 19.32 seconds, Epoch 534 , Current LR: 2.2688698105052e-05
 No improvement for 36 epochs.
Epoch 535/1000, Train Loss: 0.0172, train ED mm: 2.4954, val loss:0.028328, val ED mm:1.990351 19.35 seconds, Epoch 535 , Current LR: 2.261137393168727e-05
 No improvement for 37 epochs.
Epoch 536/1000, Train Loss: 0.0173, train ED mm: 2.5238, val loss:0.030354, val ED mm:2.150988 19.34 seconds, Epoch 536 , Current LR: 2.2534075800496584e-05
Epoch 537/1000, Train Loss: 0.0173, train ED mm: 2.5393, val loss:0.028986, val ED mm:1.987734 19.25 seconds, Epoch 537 , Current LR: 2.2456804474381282e-05
 No improvement for 38 epochs.
Epoch 538/1000, Train Loss: 0.0175, train ED mm: 2.5219, val loss:0.029440, val ED mm:1.969575 19.29 seconds, Epoch 538 , Current LR: 2.237956071597816e-05
 No improvement for 39 epochs.
Epoch 539/1000, Train Loss: 0.0172, train ED mm: 2.5189, val loss:0.027360, val ED mm:2.044036 19.30 seconds, Epoch 539 , Current LR: 2.230234528765193e-05
 No improvement for 40 epochs.
Epoch 540/1000, Train Loss: 0.0171, train ED mm: 2.5053, val loss:0.026118, val ED mm:1.865558 19.28 seconds, Epoch 540 , Current LR: 2.222515895148769e-05
 No improvement for 41 epochs.
Epoch 541/1000, Train Loss: 0.0172, train ED mm: 2.5041, val loss:0.028061, val ED mm:1.859287 19.29 seconds, Epoch 541 , Current LR: 2.2148002469283426e-05
 No improvement for 42 epochs.
Epoch 542/1000, Train Loss: 0.0171, train ED mm: 2.5562, val loss:0.026541, val ED mm:1.928843 19.32 seconds, Epoch 542 , Current LR: 2.207087660254246e-05
 No improvement for 43 epochs.
Epoch 543/1000, Train Loss: 0.0170, train ED mm: 2.4999, val loss:0.026736, val ED mm:2.063714 19.35 seconds, Epoch 543 , Current LR: 2.1993782112465962e-05
 No improvement for 44 epochs.
Epoch 544/1000, Train Loss: 0.0169, train ED mm: 2.5284, val loss:0.025962, val ED mm:1.937073 19.31 seconds, Epoch 544 , Current LR: 2.191671975994543e-05
 No improvement for 45 epochs.
Epoch 545/1000, Train Loss: 0.0169, train ED mm: 2.5141, val loss:0.028394, val ED mm:2.318087 19.28 seconds, Epoch 545 , Current LR: 2.1839690305555165e-05
 No improvement for 46 epochs.
Epoch 546/1000, Train Loss: 0.0170, train ED mm: 2.5134, val loss:0.028724, val ED mm:2.126916 19.29 seconds, Epoch 546 , Current LR: 2.1762694509544787e-05
 No improvement for 47 epochs.
Epoch 547/1000, Train Loss: 0.0170, train ED mm: 2.5304, val loss:0.028803, val ED mm:1.966886 19.31 seconds, Epoch 547 , Current LR: 2.1685733131831715e-05
 No improvement for 48 epochs.
Epoch 548/1000, Train Loss: 0.0169, train ED mm: 2.5156, val loss:0.028386, val ED mm:1.966014 19.44 seconds, Epoch 548 , Current LR: 2.1608806931993684e-05
 No improvement for 49 epochs.
Epoch 549/1000, Train Loss: 0.0168, train ED mm: 2.5467, val loss:0.029328, val ED mm:2.320839 19.33 seconds, Epoch 549 , Current LR: 2.1531916669261216e-05
 No improvement for 50 epochs.
 Early stopping triggered at epoch 549. Best Val ED: 1.6796
Model state dictionary saved to AV_net_model_cropped.pth
=== JOB_STATISTICS ===
=== current date     : Sun Aug  3 11:31:15 AM CEST 2025
= Job-ID             : 1136653 on tinygpu
= Job-Name           : run_vnet
= Job-Command        : /home/hpc/mfdp/mfdp109h/fetal_MRI/train_model.slurm
= Initial workdir    : /home/hpc/mfdp/mfdp109h/fetal_MRI
= Queue/Partition    : a100
= Slurm account      : mfdp with QOS=normal
= Requested resources:  for 18:00:00
= Elapsed runtime    : 03:05:58
= Total RAM usage    : 3.6 GiB of requested  GiB (%)   
= Node list          : tg094
= Subm/Elig/Start/End: 2025-08-03T08:25:16 / 2025-08-03T08:25:16 / 2025-08-03T08:25:17 / 2025-08-03T11:31:15
======================
=== Quota infos ======
    Path                 Used     SoftQ    HardQ    Gracetime  Filec    FileQ    FiHaQ    FileGrace    
    /home/hpc              24.2G   104.9G   209.7G        N/A   5,508      500K   1,000K        N/A    
    /home/woody             7.3G  1000.0G  1500.0G        N/A  42,442    5,000K   7,500K        N/A    
    /home/vault             0.0K  1048.6G  2097.2G        N/A       1      200K     400K        N/A    
======================
=== GPU utilization ==
gpu_name, gpu_bus_id, pid, gpu_utilization [%], mem_utilization [%], max_memory_usage [MiB], time [ms]
NVIDIA A100-SXM4-40GB, 00000000:81:00.0, 1756710, 29 %, 7 %, 2770 MiB, 11146735 ms
